Archive member included to satisfy reference by file (symbol)

/home/ondrej/opt/xPacks/@xpack-dev-tools/arm-none-eabi-gcc/9.2.1-1.1.1/.content/bin/../lib/gcc/arm-none-eabi/9.2.1/thumb/v6-m/nofp/libgcc.a(_udivsi3.o)
                              ./system/src/stm32f0-stdperiph/stm32f0xx_rcc.o (__aeabi_uidiv)
/home/ondrej/opt/xPacks/@xpack-dev-tools/arm-none-eabi-gcc/9.2.1-1.1.1/.content/bin/../lib/gcc/arm-none-eabi/9.2.1/thumb/v6-m/nofp/libgcc.a(_divsi3.o)
                              ./system/src/stm32f0-stdperiph/stm32f0xx_rcc.o (__aeabi_idiv)
/home/ondrej/opt/xPacks/@xpack-dev-tools/arm-none-eabi-gcc/9.2.1-1.1.1/.content/bin/../lib/gcc/arm-none-eabi/9.2.1/thumb/v6-m/nofp/libgcc.a(_dvmd_tls.o)
                              /home/ondrej/opt/xPacks/@xpack-dev-tools/arm-none-eabi-gcc/9.2.1-1.1.1/.content/bin/../lib/gcc/arm-none-eabi/9.2.1/thumb/v6-m/nofp/libgcc.a(_udivsi3.o) (__aeabi_idiv0)
/home/ondrej/opt/xPacks/@xpack-dev-tools/arm-none-eabi-gcc/9.2.1-1.1.1/.content/bin/../lib/gcc/arm-none-eabi/9.2.1/../../../../arm-none-eabi/lib/thumb/v6-m/nofp/libg_nano.a(lib_a-errno.o)
                              ./system/src/newlib/_sbrk.o (__errno)
/home/ondrej/opt/xPacks/@xpack-dev-tools/arm-none-eabi-gcc/9.2.1-1.1.1/.content/bin/../lib/gcc/arm-none-eabi/9.2.1/../../../../arm-none-eabi/lib/thumb/v6-m/nofp/libg_nano.a(lib_a-impure.o)
                              /home/ondrej/opt/xPacks/@xpack-dev-tools/arm-none-eabi-gcc/9.2.1-1.1.1/.content/bin/../lib/gcc/arm-none-eabi/9.2.1/../../../../arm-none-eabi/lib/thumb/v6-m/nofp/libg_nano.a(lib_a-errno.o) (_impure_ptr)

Allocating common symbols
Common symbol       size              file

errno               0x4               ./system/src/newlib/_syscalls.o

Discarded input sections

 .text          0x0000000000000000        0x0 ./system/src/stm32f0-stdperiph/stm32f0xx_gpio.o
 .data          0x0000000000000000        0x0 ./system/src/stm32f0-stdperiph/stm32f0xx_gpio.o
 .bss           0x0000000000000000        0x0 ./system/src/stm32f0-stdperiph/stm32f0xx_gpio.o
 .text.GPIO_DeInit
                0x0000000000000000       0xac ./system/src/stm32f0-stdperiph/stm32f0xx_gpio.o
 .text.GPIO_StructInit
                0x0000000000000000       0x10 ./system/src/stm32f0-stdperiph/stm32f0xx_gpio.o
 .text.GPIO_PinLockConfig
                0x0000000000000000       0x24 ./system/src/stm32f0-stdperiph/stm32f0xx_gpio.o
 .text.GPIO_ReadInputData
                0x0000000000000000        0x6 ./system/src/stm32f0-stdperiph/stm32f0xx_gpio.o
 .text.GPIO_ReadOutputDataBit
                0x0000000000000000        0xc ./system/src/stm32f0-stdperiph/stm32f0xx_gpio.o
 .text.GPIO_ReadOutputData
                0x0000000000000000        0x6 ./system/src/stm32f0-stdperiph/stm32f0xx_gpio.o
 .text.GPIO_WriteBit
                0x0000000000000000        0xc ./system/src/stm32f0-stdperiph/stm32f0xx_gpio.o
 .text.GPIO_Write
                0x0000000000000000        0x4 ./system/src/stm32f0-stdperiph/stm32f0xx_gpio.o
 .text.GPIO_PinAFConfig
                0x0000000000000000       0x22 ./system/src/stm32f0-stdperiph/stm32f0xx_gpio.o
 .text          0x0000000000000000        0x0 ./system/src/stm32f0-stdperiph/stm32f0xx_rcc.o
 .data          0x0000000000000000        0x0 ./system/src/stm32f0-stdperiph/stm32f0xx_rcc.o
 .bss           0x0000000000000000        0x0 ./system/src/stm32f0-stdperiph/stm32f0xx_rcc.o
 .text.RCC_DeInit
                0x0000000000000000       0x60 ./system/src/stm32f0-stdperiph/stm32f0xx_rcc.o
 .text.RCC_HSEConfig
                0x0000000000000000       0x10 ./system/src/stm32f0-stdperiph/stm32f0xx_rcc.o
 .text.RCC_AdjustHSICalibrationValue
                0x0000000000000000       0x14 ./system/src/stm32f0-stdperiph/stm32f0xx_rcc.o
 .text.RCC_HSICmd
                0x0000000000000000       0x1c ./system/src/stm32f0-stdperiph/stm32f0xx_rcc.o
 .text.RCC_AdjustHSI14CalibrationValue
                0x0000000000000000       0x14 ./system/src/stm32f0-stdperiph/stm32f0xx_rcc.o
 .text.RCC_HSI14Cmd
                0x0000000000000000       0x1c ./system/src/stm32f0-stdperiph/stm32f0xx_rcc.o
 .text.RCC_HSI14ADCRequestCmd
                0x0000000000000000       0x1c ./system/src/stm32f0-stdperiph/stm32f0xx_rcc.o
 .text.RCC_LSEConfig
                0x0000000000000000       0x20 ./system/src/stm32f0-stdperiph/stm32f0xx_rcc.o
 .text.RCC_LSEDriveConfig
                0x0000000000000000       0x18 ./system/src/stm32f0-stdperiph/stm32f0xx_rcc.o
 .text.RCC_LSICmd
                0x0000000000000000       0x1c ./system/src/stm32f0-stdperiph/stm32f0xx_rcc.o
 .text.RCC_PLLConfig
                0x0000000000000000       0x20 ./system/src/stm32f0-stdperiph/stm32f0xx_rcc.o
 .text.RCC_PLLCmd
                0x0000000000000000       0x24 ./system/src/stm32f0-stdperiph/stm32f0xx_rcc.o
 .text.RCC_HSI48Cmd
                0x0000000000000000       0x24 ./system/src/stm32f0-stdperiph/stm32f0xx_rcc.o
 .text.RCC_PREDIV1Config
                0x0000000000000000       0x14 ./system/src/stm32f0-stdperiph/stm32f0xx_rcc.o
 .text.RCC_ClockSecuritySystemCmd
                0x0000000000000000       0x24 ./system/src/stm32f0-stdperiph/stm32f0xx_rcc.o
 .text.RCC_MCOConfig
                0x0000000000000000       0x18 ./system/src/stm32f0-stdperiph/stm32f0xx_rcc.o
 .text.RCC_SYSCLKConfig
                0x0000000000000000       0x14 ./system/src/stm32f0-stdperiph/stm32f0xx_rcc.o
 .text.RCC_GetSYSCLKSource
                0x0000000000000000       0x10 ./system/src/stm32f0-stdperiph/stm32f0xx_rcc.o
 .text.RCC_HCLKConfig
                0x0000000000000000       0x14 ./system/src/stm32f0-stdperiph/stm32f0xx_rcc.o
 .text.RCC_PCLKConfig
                0x0000000000000000       0x18 ./system/src/stm32f0-stdperiph/stm32f0xx_rcc.o
 .text.RCC_ADCCLKConfig
                0x0000000000000000       0x30 ./system/src/stm32f0-stdperiph/stm32f0xx_rcc.o
 .text.RCC_CECCLKConfig
                0x0000000000000000       0x18 ./system/src/stm32f0-stdperiph/stm32f0xx_rcc.o
 .text.RCC_I2CCLKConfig
                0x0000000000000000       0x18 ./system/src/stm32f0-stdperiph/stm32f0xx_rcc.o
 .text.RCC_USARTCLKConfig
                0x0000000000000000       0x38 ./system/src/stm32f0-stdperiph/stm32f0xx_rcc.o
 .text.RCC_USBCLKConfig
                0x0000000000000000       0x18 ./system/src/stm32f0-stdperiph/stm32f0xx_rcc.o
 .text.RCC_GetClocksFreq
                0x0000000000000000      0x174 ./system/src/stm32f0-stdperiph/stm32f0xx_rcc.o
 .text.RCC_RTCCLKConfig
                0x0000000000000000       0x10 ./system/src/stm32f0-stdperiph/stm32f0xx_rcc.o
 .text.RCC_RTCCLKCmd
                0x0000000000000000       0x24 ./system/src/stm32f0-stdperiph/stm32f0xx_rcc.o
 .text.RCC_BackupResetCmd
                0x0000000000000000       0x24 ./system/src/stm32f0-stdperiph/stm32f0xx_rcc.o
 .text.RCC_APB2PeriphClockCmd
                0x0000000000000000       0x18 ./system/src/stm32f0-stdperiph/stm32f0xx_rcc.o
 .text.RCC_APB1PeriphClockCmd
                0x0000000000000000       0x18 ./system/src/stm32f0-stdperiph/stm32f0xx_rcc.o
 .text.RCC_AHBPeriphResetCmd
                0x0000000000000000       0x18 ./system/src/stm32f0-stdperiph/stm32f0xx_rcc.o
 .text.RCC_APB2PeriphResetCmd
                0x0000000000000000       0x18 ./system/src/stm32f0-stdperiph/stm32f0xx_rcc.o
 .text.RCC_APB1PeriphResetCmd
                0x0000000000000000       0x18 ./system/src/stm32f0-stdperiph/stm32f0xx_rcc.o
 .text.RCC_ITConfig
                0x0000000000000000       0x18 ./system/src/stm32f0-stdperiph/stm32f0xx_rcc.o
 .text.RCC_GetFlagStatus
                0x0000000000000000       0x2c ./system/src/stm32f0-stdperiph/stm32f0xx_rcc.o
 .text.RCC_WaitForHSEStartUp
                0x0000000000000000       0x2e ./system/src/stm32f0-stdperiph/stm32f0xx_rcc.o
 .text.RCC_ClearFlag
                0x0000000000000000       0x14 ./system/src/stm32f0-stdperiph/stm32f0xx_rcc.o
 .text.RCC_GetITStatus
                0x0000000000000000       0x14 ./system/src/stm32f0-stdperiph/stm32f0xx_rcc.o
 .text.RCC_ClearITPendingBit
                0x0000000000000000        0xc ./system/src/stm32f0-stdperiph/stm32f0xx_rcc.o
 .data.APBAHBPrescTable
                0x0000000000000000       0x10 ./system/src/stm32f0-stdperiph/stm32f0xx_rcc.o
 .text          0x0000000000000000        0x0 ./system/src/newlib/_cxx.o
 .data          0x0000000000000000        0x0 ./system/src/newlib/_cxx.o
 .bss           0x0000000000000000        0x0 ./system/src/newlib/_cxx.o
 .text._ZN9__gnu_cxx27__verbose_terminate_handlerEv
                0x0000000000000000        0x6 ./system/src/newlib/_cxx.o
 .text.__cxa_pure_virtual
                0x0000000000000000        0x6 ./system/src/newlib/_cxx.o
 .debug_info    0x0000000000000000     0x107e ./system/src/newlib/_cxx.o
 .debug_abbrev  0x0000000000000000      0x32c ./system/src/newlib/_cxx.o
 .debug_aranges
                0x0000000000000000       0x20 ./system/src/newlib/_cxx.o
 .debug_ranges  0x0000000000000000       0x10 ./system/src/newlib/_cxx.o
 .debug_line    0x0000000000000000      0x3bd ./system/src/newlib/_cxx.o
 .debug_str     0x0000000000000000      0x82a ./system/src/newlib/_cxx.o
 .comment       0x0000000000000000       0x67 ./system/src/newlib/_cxx.o
 .debug_frame   0x0000000000000000       0x40 ./system/src/newlib/_cxx.o
 .ARM.attributes
                0x0000000000000000       0x2c ./system/src/newlib/_cxx.o
 .text          0x0000000000000000        0x0 ./system/src/newlib/_exit.o
 .data          0x0000000000000000        0x0 ./system/src/newlib/_exit.o
 .bss           0x0000000000000000        0x0 ./system/src/newlib/_exit.o
 .text.abort    0x0000000000000000        0x8 ./system/src/newlib/_exit.o
 .text          0x0000000000000000        0x0 ./system/src/newlib/_sbrk.o
 .data          0x0000000000000000        0x0 ./system/src/newlib/_sbrk.o
 .bss           0x0000000000000000        0x0 ./system/src/newlib/_sbrk.o
 .text._sbrk    0x0000000000000000       0x40 ./system/src/newlib/_sbrk.o
 .bss.current_heap_end.3984
                0x0000000000000000        0x4 ./system/src/newlib/_sbrk.o
 .debug_info    0x0000000000000000      0x9d0 ./system/src/newlib/_sbrk.o
 .debug_abbrev  0x0000000000000000      0x22f ./system/src/newlib/_sbrk.o
 .debug_loc     0x0000000000000000       0x6b ./system/src/newlib/_sbrk.o
 .debug_aranges
                0x0000000000000000       0x20 ./system/src/newlib/_sbrk.o
 .debug_ranges  0x0000000000000000       0x10 ./system/src/newlib/_sbrk.o
 .debug_line    0x0000000000000000      0x1dd ./system/src/newlib/_sbrk.o
 .debug_str     0x0000000000000000      0x616 ./system/src/newlib/_sbrk.o
 .comment       0x0000000000000000       0x67 ./system/src/newlib/_sbrk.o
 .debug_frame   0x0000000000000000       0x28 ./system/src/newlib/_sbrk.o
 .ARM.attributes
                0x0000000000000000       0x2c ./system/src/newlib/_sbrk.o
 .text          0x0000000000000000        0x0 ./system/src/newlib/_startup.o
 .data          0x0000000000000000        0x0 ./system/src/newlib/_startup.o
 .bss           0x0000000000000000        0x0 ./system/src/newlib/_startup.o
 .text.__initialize_data
                0x0000000000000000        0xc ./system/src/newlib/_startup.o
 .text.__initialize_bss
                0x0000000000000000        0xc ./system/src/newlib/_startup.o
 .text.__run_init_array
                0x0000000000000000       0x44 ./system/src/newlib/_startup.o
 .text.__run_fini_array
                0x0000000000000000       0x24 ./system/src/newlib/_startup.o
 .text          0x0000000000000000        0x0 ./system/src/newlib/_syscalls.o
 .data          0x0000000000000000        0x0 ./system/src/newlib/_syscalls.o
 .bss           0x0000000000000000        0x0 ./system/src/newlib/_syscalls.o
 .text.raise    0x0000000000000000       0x10 ./system/src/newlib/_syscalls.o
 .text.kill     0x0000000000000000       0x10 ./system/src/newlib/_syscalls.o
 .bss.__dso_handle
                0x0000000000000000        0x4 ./system/src/newlib/_syscalls.o
 COMMON         0x0000000000000000        0x4 ./system/src/newlib/_syscalls.o
 .text          0x0000000000000000        0x0 ./system/src/newlib/assert.o
 .data          0x0000000000000000        0x0 ./system/src/newlib/assert.o
 .bss           0x0000000000000000        0x0 ./system/src/newlib/assert.o
 .text.__assert_func
                0x0000000000000000        0x6 ./system/src/newlib/assert.o
 .debug_info    0x0000000000000000      0xa0a ./system/src/newlib/assert.o
 .debug_abbrev  0x0000000000000000      0x231 ./system/src/newlib/assert.o
 .debug_loc     0x0000000000000000       0x94 ./system/src/newlib/assert.o
 .debug_aranges
                0x0000000000000000       0x20 ./system/src/newlib/assert.o
 .debug_ranges  0x0000000000000000       0x10 ./system/src/newlib/assert.o
 .debug_line    0x0000000000000000      0x21b ./system/src/newlib/assert.o
 .debug_str     0x0000000000000000      0x61f ./system/src/newlib/assert.o
 .comment       0x0000000000000000       0x67 ./system/src/newlib/assert.o
 .debug_frame   0x0000000000000000       0x28 ./system/src/newlib/assert.o
 .ARM.attributes
                0x0000000000000000       0x2c ./system/src/newlib/assert.o
 .text          0x0000000000000000        0x0 ./system/src/diag/Trace.o
 .data          0x0000000000000000        0x0 ./system/src/diag/Trace.o
 .bss           0x0000000000000000        0x0 ./system/src/diag/Trace.o
 .debug_line    0x0000000000000000        0x0 ./system/src/diag/Trace.o
 .debug_str     0x0000000000000000      0x132 ./system/src/diag/Trace.o
 .comment       0x0000000000000000       0x67 ./system/src/diag/Trace.o
 .ARM.attributes
                0x0000000000000000       0x31 ./system/src/diag/Trace.o
 .text          0x0000000000000000        0x0 ./system/src/diag/trace_impl.o
 .data          0x0000000000000000        0x0 ./system/src/diag/trace_impl.o
 .bss           0x0000000000000000        0x0 ./system/src/diag/trace_impl.o
 .debug_line    0x0000000000000000        0x0 ./system/src/diag/trace_impl.o
 .debug_str     0x0000000000000000      0x137 ./system/src/diag/trace_impl.o
 .comment       0x0000000000000000       0x67 ./system/src/diag/trace_impl.o
 .ARM.attributes
                0x0000000000000000       0x31 ./system/src/diag/trace_impl.o
 .text          0x0000000000000000        0x0 ./system/src/cortexm/_initialize_hardware.o
 .data          0x0000000000000000        0x0 ./system/src/cortexm/_initialize_hardware.o
 .bss           0x0000000000000000        0x0 ./system/src/cortexm/_initialize_hardware.o
 .text          0x0000000000000000        0x0 ./system/src/cortexm/_reset_hardware.o
 .data          0x0000000000000000        0x0 ./system/src/cortexm/_reset_hardware.o
 .bss           0x0000000000000000        0x0 ./system/src/cortexm/_reset_hardware.o
 .text          0x0000000000000000        0x0 ./system/src/cortexm/exception_handlers.o
 .data          0x0000000000000000        0x0 ./system/src/cortexm/exception_handlers.o
 .bss           0x0000000000000000        0x0 ./system/src/cortexm/exception_handlers.o
 .text          0x0000000000000000        0x0 ./system/src/cmsis/system_stm32f0xx.o
 .data          0x0000000000000000        0x0 ./system/src/cmsis/system_stm32f0xx.o
 .bss           0x0000000000000000        0x0 ./system/src/cmsis/system_stm32f0xx.o
 .text          0x0000000000000000        0x0 ./system/src/cmsis/vectors_stm32f0xx.o
 .data          0x0000000000000000        0x0 ./system/src/cmsis/vectors_stm32f0xx.o
 .bss           0x0000000000000000        0x0 ./system/src/cmsis/vectors_stm32f0xx.o
 .text          0x0000000000000000        0x0 ./src/main.o
 .data          0x0000000000000000        0x0 ./src/main.o
 .bss           0x0000000000000000        0x0 ./src/main.o
 .text          0x0000000000000000        0x0 ./src/timer.o
 .data          0x0000000000000000        0x0 ./src/timer.o
 .bss           0x0000000000000000        0x0 ./src/timer.o
 .text.millis   0x0000000000000000        0xc ./src/timer.o
 .data          0x0000000000000000        0x0 /home/ondrej/opt/xPacks/@xpack-dev-tools/arm-none-eabi-gcc/9.2.1-1.1.1/.content/bin/../lib/gcc/arm-none-eabi/9.2.1/thumb/v6-m/nofp/libgcc.a(_udivsi3.o)
 .bss           0x0000000000000000        0x0 /home/ondrej/opt/xPacks/@xpack-dev-tools/arm-none-eabi-gcc/9.2.1-1.1.1/.content/bin/../lib/gcc/arm-none-eabi/9.2.1/thumb/v6-m/nofp/libgcc.a(_udivsi3.o)
 .text          0x0000000000000000      0x1d4 /home/ondrej/opt/xPacks/@xpack-dev-tools/arm-none-eabi-gcc/9.2.1-1.1.1/.content/bin/../lib/gcc/arm-none-eabi/9.2.1/thumb/v6-m/nofp/libgcc.a(_divsi3.o)
 .data          0x0000000000000000        0x0 /home/ondrej/opt/xPacks/@xpack-dev-tools/arm-none-eabi-gcc/9.2.1-1.1.1/.content/bin/../lib/gcc/arm-none-eabi/9.2.1/thumb/v6-m/nofp/libgcc.a(_divsi3.o)
 .bss           0x0000000000000000        0x0 /home/ondrej/opt/xPacks/@xpack-dev-tools/arm-none-eabi-gcc/9.2.1-1.1.1/.content/bin/../lib/gcc/arm-none-eabi/9.2.1/thumb/v6-m/nofp/libgcc.a(_divsi3.o)
 .debug_frame   0x0000000000000000       0x20 /home/ondrej/opt/xPacks/@xpack-dev-tools/arm-none-eabi-gcc/9.2.1-1.1.1/.content/bin/../lib/gcc/arm-none-eabi/9.2.1/thumb/v6-m/nofp/libgcc.a(_divsi3.o)
 .ARM.attributes
                0x0000000000000000       0x1e /home/ondrej/opt/xPacks/@xpack-dev-tools/arm-none-eabi-gcc/9.2.1-1.1.1/.content/bin/../lib/gcc/arm-none-eabi/9.2.1/thumb/v6-m/nofp/libgcc.a(_divsi3.o)
 .data          0x0000000000000000        0x0 /home/ondrej/opt/xPacks/@xpack-dev-tools/arm-none-eabi-gcc/9.2.1-1.1.1/.content/bin/../lib/gcc/arm-none-eabi/9.2.1/thumb/v6-m/nofp/libgcc.a(_dvmd_tls.o)
 .bss           0x0000000000000000        0x0 /home/ondrej/opt/xPacks/@xpack-dev-tools/arm-none-eabi-gcc/9.2.1-1.1.1/.content/bin/../lib/gcc/arm-none-eabi/9.2.1/thumb/v6-m/nofp/libgcc.a(_dvmd_tls.o)
 .text          0x0000000000000000        0x0 /home/ondrej/opt/xPacks/@xpack-dev-tools/arm-none-eabi-gcc/9.2.1-1.1.1/.content/bin/../lib/gcc/arm-none-eabi/9.2.1/../../../../arm-none-eabi/lib/thumb/v6-m/nofp/libg_nano.a(lib_a-errno.o)
 .data          0x0000000000000000        0x0 /home/ondrej/opt/xPacks/@xpack-dev-tools/arm-none-eabi-gcc/9.2.1-1.1.1/.content/bin/../lib/gcc/arm-none-eabi/9.2.1/../../../../arm-none-eabi/lib/thumb/v6-m/nofp/libg_nano.a(lib_a-errno.o)
 .bss           0x0000000000000000        0x0 /home/ondrej/opt/xPacks/@xpack-dev-tools/arm-none-eabi-gcc/9.2.1-1.1.1/.content/bin/../lib/gcc/arm-none-eabi/9.2.1/../../../../arm-none-eabi/lib/thumb/v6-m/nofp/libg_nano.a(lib_a-errno.o)
 .text.__errno  0x0000000000000000        0xc /home/ondrej/opt/xPacks/@xpack-dev-tools/arm-none-eabi-gcc/9.2.1-1.1.1/.content/bin/../lib/gcc/arm-none-eabi/9.2.1/../../../../arm-none-eabi/lib/thumb/v6-m/nofp/libg_nano.a(lib_a-errno.o)
 .debug_frame   0x0000000000000000       0x20 /home/ondrej/opt/xPacks/@xpack-dev-tools/arm-none-eabi-gcc/9.2.1-1.1.1/.content/bin/../lib/gcc/arm-none-eabi/9.2.1/../../../../arm-none-eabi/lib/thumb/v6-m/nofp/libg_nano.a(lib_a-errno.o)
 .ARM.attributes
                0x0000000000000000       0x2c /home/ondrej/opt/xPacks/@xpack-dev-tools/arm-none-eabi-gcc/9.2.1-1.1.1/.content/bin/../lib/gcc/arm-none-eabi/9.2.1/../../../../arm-none-eabi/lib/thumb/v6-m/nofp/libg_nano.a(lib_a-errno.o)
 .text          0x0000000000000000        0x0 /home/ondrej/opt/xPacks/@xpack-dev-tools/arm-none-eabi-gcc/9.2.1-1.1.1/.content/bin/../lib/gcc/arm-none-eabi/9.2.1/../../../../arm-none-eabi/lib/thumb/v6-m/nofp/libg_nano.a(lib_a-impure.o)
 .data          0x0000000000000000        0x0 /home/ondrej/opt/xPacks/@xpack-dev-tools/arm-none-eabi-gcc/9.2.1-1.1.1/.content/bin/../lib/gcc/arm-none-eabi/9.2.1/../../../../arm-none-eabi/lib/thumb/v6-m/nofp/libg_nano.a(lib_a-impure.o)
 .bss           0x0000000000000000        0x0 /home/ondrej/opt/xPacks/@xpack-dev-tools/arm-none-eabi-gcc/9.2.1-1.1.1/.content/bin/../lib/gcc/arm-none-eabi/9.2.1/../../../../arm-none-eabi/lib/thumb/v6-m/nofp/libg_nano.a(lib_a-impure.o)
 .data._impure_ptr
                0x0000000000000000        0x4 /home/ondrej/opt/xPacks/@xpack-dev-tools/arm-none-eabi-gcc/9.2.1-1.1.1/.content/bin/../lib/gcc/arm-none-eabi/9.2.1/../../../../arm-none-eabi/lib/thumb/v6-m/nofp/libg_nano.a(lib_a-impure.o)
 .data.impure_data
                0x0000000000000000       0x60 /home/ondrej/opt/xPacks/@xpack-dev-tools/arm-none-eabi-gcc/9.2.1-1.1.1/.content/bin/../lib/gcc/arm-none-eabi/9.2.1/../../../../arm-none-eabi/lib/thumb/v6-m/nofp/libg_nano.a(lib_a-impure.o)
 .rodata._global_impure_ptr
                0x0000000000000000        0x4 /home/ondrej/opt/xPacks/@xpack-dev-tools/arm-none-eabi-gcc/9.2.1-1.1.1/.content/bin/../lib/gcc/arm-none-eabi/9.2.1/../../../../arm-none-eabi/lib/thumb/v6-m/nofp/libg_nano.a(lib_a-impure.o)
 .ARM.attributes
                0x0000000000000000       0x2c /home/ondrej/opt/xPacks/@xpack-dev-tools/arm-none-eabi-gcc/9.2.1-1.1.1/.content/bin/../lib/gcc/arm-none-eabi/9.2.1/../../../../arm-none-eabi/lib/thumb/v6-m/nofp/libg_nano.a(lib_a-impure.o)

Memory Configuration

Name             Origin             Length             Attributes
RAM              0x0000000020000000 0x0000000000004000 xrw
CCMRAM           0x0000000000000000 0x0000000000000000 xrw
FLASH            0x0000000008000000 0x0000000000020000 xr
FLASHB1          0x0000000000000000 0x0000000000000000 xr
EXTMEMB0         0x0000000000000000 0x0000000000000000 xr
EXTMEMB1         0x0000000000000000 0x0000000000000000 xr
EXTMEMB2         0x0000000000000000 0x0000000000000000 xr
EXTMEMB3         0x0000000000000000 0x0000000000000000 xr
MEMORY_ARRAY     0x0000000000000000 0x0000000000000000 xrw
*default*        0x0000000000000000 0xffffffffffffffff

Linker script and memory map

LOAD ./system/src/stm32f0-stdperiph/stm32f0xx_gpio.o
LOAD ./system/src/stm32f0-stdperiph/stm32f0xx_rcc.o
LOAD ./system/src/newlib/_cxx.o
LOAD ./system/src/newlib/_exit.o
LOAD ./system/src/newlib/_sbrk.o
LOAD ./system/src/newlib/_startup.o
LOAD ./system/src/newlib/_syscalls.o
LOAD ./system/src/newlib/assert.o
LOAD ./system/src/diag/Trace.o
LOAD ./system/src/diag/trace_impl.o
LOAD ./system/src/cortexm/_initialize_hardware.o
LOAD ./system/src/cortexm/_reset_hardware.o
LOAD ./system/src/cortexm/exception_handlers.o
LOAD ./system/src/cmsis/system_stm32f0xx.o
LOAD ./system/src/cmsis/vectors_stm32f0xx.o
LOAD ./src/main.o
LOAD ./src/timer.o
LOAD /home/ondrej/opt/xPacks/@xpack-dev-tools/arm-none-eabi-gcc/9.2.1-1.1.1/.content/bin/../lib/gcc/arm-none-eabi/9.2.1/../../../../arm-none-eabi/lib/thumb/v6-m/nofp/libstdc++_nano.a
LOAD /home/ondrej/opt/xPacks/@xpack-dev-tools/arm-none-eabi-gcc/9.2.1-1.1.1/.content/bin/../lib/gcc/arm-none-eabi/9.2.1/../../../../arm-none-eabi/lib/thumb/v6-m/nofp/libm.a
START GROUP
LOAD /home/ondrej/opt/xPacks/@xpack-dev-tools/arm-none-eabi-gcc/9.2.1-1.1.1/.content/bin/../lib/gcc/arm-none-eabi/9.2.1/thumb/v6-m/nofp/libgcc.a
LOAD /home/ondrej/opt/xPacks/@xpack-dev-tools/arm-none-eabi-gcc/9.2.1-1.1.1/.content/bin/../lib/gcc/arm-none-eabi/9.2.1/../../../../arm-none-eabi/lib/thumb/v6-m/nofp/libg_nano.a
LOAD /home/ondrej/opt/xPacks/@xpack-dev-tools/arm-none-eabi-gcc/9.2.1-1.1.1/.content/bin/../lib/gcc/arm-none-eabi/9.2.1/../../../../arm-none-eabi/lib/thumb/v6-m/nofp/libc_nano.a
END GROUP
START GROUP
LOAD /home/ondrej/opt/xPacks/@xpack-dev-tools/arm-none-eabi-gcc/9.2.1-1.1.1/.content/bin/../lib/gcc/arm-none-eabi/9.2.1/thumb/v6-m/nofp/libgcc.a
LOAD /home/ondrej/opt/xPacks/@xpack-dev-tools/arm-none-eabi-gcc/9.2.1-1.1.1/.content/bin/../lib/gcc/arm-none-eabi/9.2.1/../../../../arm-none-eabi/lib/thumb/v6-m/nofp/libc_nano.a
END GROUP
                0x0000000020004000                __stack = (ORIGIN (RAM) + LENGTH (RAM))
                0x0000000020004000                _estack = __stack
                0x0000000000000400                __Main_Stack_Size = 0x400
                [!provide]                        PROVIDE (_Main_Stack_Size = __Main_Stack_Size)
                0x0000000020003c00                __Main_Stack_Limit = (__stack - __Main_Stack_Size)
                [!provide]                        PROVIDE (_Main_Stack_Limit = __Main_Stack_Limit)
                0x0000000000000100                _Minimum_Stack_Size = 0x100
                0x0000000020000024                PROVIDE (_Heap_Begin = _end_noinit)
                0x0000000020003c00                PROVIDE (_Heap_Limit = (__stack - __Main_Stack_Size))

.isr_vector     0x0000000008000000      0x1aa
 FILL mask 0xff
                0x0000000008000000                __vectors_start = ABSOLUTE (.)
                0x0000000008000000                __vectors_start__ = ABSOLUTE (.)
 *(.isr_vector)
 .isr_vector    0x0000000008000000       0xc4 ./system/src/cmsis/vectors_stm32f0xx.o
                0x0000000008000000                g_pfnVectors
 *(.cfmconfig)
 *(.after_vectors .after_vectors.*)
 .after_vectors
                0x00000000080000c4       0xb4 ./system/src/newlib/_startup.o
                0x00000000080000c4                _start
 .after_vectors
                0x0000000008000178       0x30 ./system/src/cortexm/exception_handlers.o
                0x0000000008000178                Reset_Handler
                0x000000000800017c                NMI_Handler
                0x000000000800017e                HardFault_Handler
                0x0000000008000196                HardFault_Handler_C
                0x0000000008000198                SVC_Handler
                0x000000000800019a                PendSV_Handler
 .after_vectors
                0x00000000080001a8        0x2 ./system/src/cmsis/vectors_stm32f0xx.o
                0x00000000080001a8                TIM1_CC_IRQHandler
                0x00000000080001a8                TSC_IRQHandler
                0x00000000080001a8                ADC1_COMP_IRQHandler
                0x00000000080001a8                TIM6_IRQHandler
                0x00000000080001a8                PVD_IRQHandler
                0x00000000080001a8                I2C1_IRQHandler
                0x00000000080001a8                RCC_CRS_IRQHandler
                0x00000000080001a8                SPI1_IRQHandler
                0x00000000080001a8                TIM6_DAC_IRQHandler
                0x00000000080001a8                USART3_4_IRQHandler
                0x00000000080001a8                EXTI2_3_IRQHandler
                0x00000000080001a8                ADC1_IRQHandler
                0x00000000080001a8                I2C2_IRQHandler
                0x00000000080001a8                USART3_6_IRQHandler
                0x00000000080001a8                TIM17_IRQHandler
                0x00000000080001a8                CEC_CAN_IRQHandler
                0x00000000080001a8                RTC_IRQHandler
                0x00000000080001a8                PVD_VDDIO2_IRQHandler
                0x00000000080001a8                DMA1_Channel4_5_6_7_IRQHandler
                0x00000000080001a8                TIM16_IRQHandler
                0x00000000080001a8                TIM3_IRQHandler
                0x00000000080001a8                RCC_IRQHandler
                0x00000000080001a8                EXTI4_15_IRQHandler
                0x00000000080001a8                USART3_8_IRQHandler
                0x00000000080001a8                DMA1_Channel1_IRQHandler
                0x00000000080001a8                Default_Handler
                0x00000000080001a8                CEC_IRQHandler
                0x00000000080001a8                TIM14_IRQHandler
                0x00000000080001a8                DMA1_Channel4_5_IRQHandler
                0x00000000080001a8                TIM7_IRQHandler
                0x00000000080001a8                TIM15_IRQHandler
                0x00000000080001a8                EXTI0_1_IRQHandler
                0x00000000080001a8                USB_IRQHandler
                0x00000000080001a8                SPI2_IRQHandler
                0x00000000080001a8                DMA1_Ch2_3_DMA2_Ch1_2_IRQHandler
                0x00000000080001a8                DMA1_Ch4_7_DMA2_Ch3_5_IRQHandler
                0x00000000080001a8                TS_IRQHandler
                0x00000000080001a8                WWDG_IRQHandler
                0x00000000080001a8                TIM2_IRQHandler
                0x00000000080001a8                DMA1_Channel2_3_IRQHandler
                0x00000000080001a8                USART2_IRQHandler
                0x00000000080001a8                VDDIO2_IRQHandler
                0x00000000080001a8                FLASH_IRQHandler
                0x00000000080001a8                USART1_IRQHandler
                0x00000000080001a8                TIM1_BRK_UP_TRG_COM_IRQHandler

.inits          0x00000000080001ac       0x28
                0x00000000080001ac                __data_regions_array_start = .
                0x00000000080001ac        0x4 LONG 0x8000654 LOADADDR (.data)
                0x00000000080001b0        0x4 LONG 0x20000000 ADDR (.data)
                0x00000000080001b4        0x4 LONG 0x2000001c (ADDR (.data) + SIZEOF (.data))
                0x00000000080001b8        0x4 LONG 0x8000654 LOADADDR (.data_CCMRAM)
                0x00000000080001bc        0x4 LONG 0x0 ADDR (.data_CCMRAM)
                0x00000000080001c0        0x4 LONG 0x0 (ADDR (.data_CCMRAM) + SIZEOF (.data_CCMRAM))
                0x00000000080001c4                __data_regions_array_end = .
                0x00000000080001c4                __bss_regions_array_start = .
                0x00000000080001c4        0x4 LONG 0x2000001c ADDR (.bss)
                0x00000000080001c8        0x4 LONG 0x20000024 (ADDR (.bss) + SIZEOF (.bss))
                0x00000000080001cc        0x4 LONG 0x0 ADDR (.bss_CCMRAM)
                0x00000000080001d0        0x4 LONG 0x0 (ADDR (.bss_CCMRAM) + SIZEOF (.bss_CCMRAM))
                0x00000000080001d4                __bss_regions_array_end = .
 *(.init)
 *(.fini)
                0x00000000080001d4                . = ALIGN (0x4)
                0x00000000080001d4                PROVIDE (__preinit_array_start = .)
 *(.preinit_array_sysinit .preinit_array_sysinit.*)
 *(.preinit_array_platform .preinit_array_platform.*)
 *(.preinit_array .preinit_array.*)
                0x00000000080001d4                PROVIDE (__preinit_array_end = .)
                0x00000000080001d4                . = ALIGN (0x4)
                0x00000000080001d4                PROVIDE (__init_array_start = .)
 *(SORT_BY_NAME(.init_array.*))
 *(.init_array)
                0x00000000080001d4                PROVIDE (__init_array_end = .)
                0x00000000080001d4                . = ALIGN (0x4)
                0x00000000080001d4                PROVIDE (__fini_array_start = .)
 *(SORT_BY_NAME(.fini_array.*))
 *(.fini_array)
                0x00000000080001d4                PROVIDE (__fini_array_end = .)

.flashtext
 *(.flashtext .flashtext.*)

.text           0x00000000080001d4      0x480
 *(.text .text.*)
 .text.GPIO_Init
                0x00000000080001d4       0x76 ./system/src/stm32f0-stdperiph/stm32f0xx_gpio.o
                0x00000000080001d4                GPIO_Init
 .text.GPIO_ReadInputDataBit
                0x000000000800024a        0xc ./system/src/stm32f0-stdperiph/stm32f0xx_gpio.o
                0x000000000800024a                GPIO_ReadInputDataBit
 .text.GPIO_SetBits
                0x0000000008000256        0x4 ./system/src/stm32f0-stdperiph/stm32f0xx_gpio.o
                0x0000000008000256                GPIO_SetBits
 .text.GPIO_ResetBits
                0x000000000800025a        0x4 ./system/src/stm32f0-stdperiph/stm32f0xx_gpio.o
                0x000000000800025a                GPIO_ResetBits
 *fill*         0x000000000800025e        0x2 
 .text.RCC_AHBPeriphClockCmd
                0x0000000008000260       0x18 ./system/src/stm32f0-stdperiph/stm32f0xx_rcc.o
                0x0000000008000260                RCC_AHBPeriphClockCmd
 .text._exit    0x0000000008000278        0x6 ./system/src/newlib/_exit.o
                0x0000000008000278                _exit
 *fill*         0x000000000800027e        0x2 
 .text.__initialize_args
                0x0000000008000280       0x10 ./system/src/newlib/_syscalls.o
                0x0000000008000280                __initialize_args
 .text.__initialize_hardware_early
                0x0000000008000290        0x8 ./system/src/cortexm/_initialize_hardware.o
                0x0000000008000290                __initialize_hardware_early
 .text.__initialize_hardware
                0x0000000008000298        0x8 ./system/src/cortexm/_initialize_hardware.o
                0x0000000008000298                __initialize_hardware
 .text.__reset_hardware
                0x00000000080002a0       0x1c ./system/src/cortexm/_reset_hardware.o
                0x00000000080002a0                __reset_hardware
 .text.SystemInit
                0x00000000080002bc      0x100 ./system/src/cmsis/system_stm32f0xx.o
                0x00000000080002bc                SystemInit
 .text.SystemCoreClockUpdate
                0x00000000080003bc       0x64 ./system/src/cmsis/system_stm32f0xx.o
                0x00000000080003bc                SystemCoreClockUpdate
 .text.init_led_output
                0x0000000008000420       0x34 ./src/main.o
                0x0000000008000420                init_led_output
 .text.init_button_input
                0x0000000008000454       0x24 ./src/main.o
                0x0000000008000454                init_button_input
 .text.startup.main
                0x0000000008000478       0x54 ./src/main.o
                0x0000000008000478                main
 .text.timer_init
                0x00000000080004cc       0x44 ./src/timer.o
                0x00000000080004cc                timer_init
 .text.sleep    0x0000000008000510       0x14 ./src/timer.o
                0x0000000008000510                sleep
 .text.timer_tick
                0x0000000008000524       0x10 ./src/timer.o
                0x0000000008000524                timer_tick
 .text.SysTick_Handler
                0x0000000008000534        0x8 ./src/timer.o
                0x0000000008000534                SysTick_Handler
 .text          0x000000000800053c      0x114 /home/ondrej/opt/xPacks/@xpack-dev-tools/arm-none-eabi-gcc/9.2.1-1.1.1/.content/bin/../lib/gcc/arm-none-eabi/9.2.1/thumb/v6-m/nofp/libgcc.a(_udivsi3.o)
                0x000000000800053c                __udivsi3
                0x000000000800053c                __aeabi_uidiv
                0x0000000008000648                __aeabi_uidivmod
 .text          0x0000000008000650        0x4 /home/ondrej/opt/xPacks/@xpack-dev-tools/arm-none-eabi-gcc/9.2.1-1.1.1/.content/bin/../lib/gcc/arm-none-eabi/9.2.1/thumb/v6-m/nofp/libgcc.a(_dvmd_tls.o)
                0x0000000008000650                __aeabi_ldiv0
                0x0000000008000650                __aeabi_idiv0
 *(.rodata .rodata.* .constdata .constdata.*)
 *(vtable)
 *(.eh_frame*)
 *(.glue_7)
 .glue_7        0x0000000008000654        0x0 linker stubs
 *(.glue_7t)
 .glue_7t       0x0000000008000654        0x0 linker stubs

.vfp11_veneer   0x0000000008000654        0x0
 .vfp11_veneer  0x0000000008000654        0x0 linker stubs

.v4_bx          0x0000000008000654        0x0
 .v4_bx         0x0000000008000654        0x0 linker stubs

.iplt           0x0000000008000654        0x0
 .iplt          0x0000000008000654        0x0 ./system/src/stm32f0-stdperiph/stm32f0xx_gpio.o

.rel.dyn        0x0000000008000654        0x0
 .rel.iplt      0x0000000008000654        0x0 ./system/src/stm32f0-stdperiph/stm32f0xx_gpio.o

.ARM.extab
 *(.ARM.extab* .gnu.linkonce.armextab.*)
                0x0000000008000654                . = ALIGN (0x4)
                0x0000000008000654                __exidx_start = .

.ARM.exidx
 *(.ARM.exidx* .gnu.linkonce.armexidx.*)
                0x0000000008000654                __exidx_end = .
                0x0000000008000654                . = ALIGN (0x4)
                0x0000000008000654                _etext = .
                0x0000000008000654                __etext = .

.data_CCMRAM    0x0000000000000000        0x0 load address 0x0000000008000654
 FILL mask 0xff
 *(.data.CCMRAM .data.CCMRAM.*)
                0x0000000000000000                . = ALIGN (0x4)
                0x0000000008000654                _sidata = LOADADDR (.data)

.data           0x0000000020000000       0x1c load address 0x0000000008000654
 FILL mask 0xff
                0x0000000020000000                _sdata = .
                0x0000000020000000                __data_start__ = .
 *(.data_begin .data_begin.*)
 *(.data .data.*)
 .data.argv.4354
                0x0000000020000000        0x8 ./system/src/newlib/_syscalls.o
 .data.AHBPrescTable
                0x0000000020000008       0x10 ./system/src/cmsis/system_stm32f0xx.o
                0x0000000020000008                AHBPrescTable
 .data.SystemCoreClock
                0x0000000020000018        0x4 ./system/src/cmsis/system_stm32f0xx.o
                0x0000000020000018                SystemCoreClock
 *(.data_end .data_end.*)
                0x000000002000001c                . = ALIGN (0x4)
                0x000000002000001c                _edata = .
                0x000000002000001c                __data_end__ = .

.igot.plt       0x000000002000001c        0x0 load address 0x0000000008000670
 .igot.plt      0x000000002000001c        0x0 ./system/src/stm32f0-stdperiph/stm32f0xx_gpio.o

.bss_CCMRAM     0x0000000000000000        0x0
 *(.bss.CCMRAM .bss.CCMRAM.*)

.bss            0x000000002000001c        0x8
                0x000000002000001c                __bss_start__ = .
                0x000000002000001c                _sbss = .
 *(.bss_begin .bss_begin.*)
 *(.bss .bss.*)
 .bss.name.4353
                0x000000002000001c        0x1 ./system/src/newlib/_syscalls.o
 *fill*         0x000000002000001d        0x3 
 .bss.millis_value
                0x0000000020000020        0x4 ./src/timer.o
                0x0000000020000020                millis_value
 *(COMMON)
 *(.bss_end .bss_end.*)
                0x0000000020000024                . = ALIGN (0x4)
                0x0000000020000024                __bss_end__ = .
                0x0000000020000024                _ebss = .

.noinit_CCMRAM
 *(.noinit.CCMRAM .noinit.CCMRAM.*)

.noinit         0x0000000020000024        0x0
                0x0000000020000024                _noinit = .
 *(.noinit .noinit.*)
                0x0000000020000024                . = ALIGN (0x4)
                0x0000000020000024                _end_noinit = .
                [!provide]                        PROVIDE (end = _end_noinit)
                [!provide]                        PROVIDE (_end = _end_noinit)
                [!provide]                        PROVIDE (__end = _end_noinit)
                [!provide]                        PROVIDE (__end__ = _end_noinit)

._check_stack   0x0000000020000024      0x100
                0x0000000020000124                . = (. + _Minimum_Stack_Size)
 *fill*         0x0000000020000024      0x100 

.b1text
 *(.b1text)
 *(.b1rodata)
 *(.b1rodata.*)

.eb0text
 *(.eb0text)
 *(.eb0rodata)
 *(.eb0rodata.*)

.eb1text
 *(.eb1text)
 *(.eb1rodata)
 *(.eb1rodata.*)

.eb2text
 *(.eb2text)
 *(.eb2rodata)
 *(.eb2rodata.*)

.eb3text
 *(.eb3text)
 *(.eb3rodata)
 *(.eb3rodata.*)

.stab
 *(.stab)

.stabstr
 *(.stabstr)

.stab.excl
 *(.stab.excl)

.stab.exclstr
 *(.stab.exclstr)

.stab.index
 *(.stab.index)

.stab.indexstr
 *(.stab.indexstr)

.comment        0x0000000000000000       0x66
 *(.comment)
 .comment       0x0000000000000000       0x66 ./system/src/stm32f0-stdperiph/stm32f0xx_gpio.o
                                         0x67 (size before relaxing)
 .comment       0x0000000000000066       0x67 ./system/src/stm32f0-stdperiph/stm32f0xx_rcc.o
 .comment       0x0000000000000066       0x67 ./system/src/newlib/_exit.o
 .comment       0x0000000000000066       0x67 ./system/src/newlib/_startup.o
 .comment       0x0000000000000066       0x67 ./system/src/newlib/_syscalls.o
 .comment       0x0000000000000066       0x67 ./system/src/cortexm/_initialize_hardware.o
 .comment       0x0000000000000066       0x67 ./system/src/cortexm/_reset_hardware.o
 .comment       0x0000000000000066       0x67 ./system/src/cortexm/exception_handlers.o
 .comment       0x0000000000000066       0x67 ./system/src/cmsis/system_stm32f0xx.o
 .comment       0x0000000000000066       0x67 ./system/src/cmsis/vectors_stm32f0xx.o
 .comment       0x0000000000000066       0x67 ./src/main.o
 .comment       0x0000000000000066       0x67 ./src/timer.o

.ARM.attributes
                0x0000000000000000       0x2c
 .ARM.attributes
                0x0000000000000000       0x2c ./system/src/stm32f0-stdperiph/stm32f0xx_gpio.o
 .ARM.attributes
                0x000000000000002c       0x2c ./system/src/stm32f0-stdperiph/stm32f0xx_rcc.o
 .ARM.attributes
                0x0000000000000058       0x2c ./system/src/newlib/_exit.o
 .ARM.attributes
                0x0000000000000084       0x2c ./system/src/newlib/_startup.o
 .ARM.attributes
                0x00000000000000b0       0x2c ./system/src/newlib/_syscalls.o
 .ARM.attributes
                0x00000000000000dc       0x2c ./system/src/cortexm/_initialize_hardware.o
 .ARM.attributes
                0x0000000000000108       0x2c ./system/src/cortexm/_reset_hardware.o
 .ARM.attributes
                0x0000000000000134       0x2c ./system/src/cortexm/exception_handlers.o
 .ARM.attributes
                0x0000000000000160       0x2c ./system/src/cmsis/system_stm32f0xx.o
 .ARM.attributes
                0x000000000000018c       0x2c ./system/src/cmsis/vectors_stm32f0xx.o
 .ARM.attributes
                0x00000000000001b8       0x2c ./src/main.o
 .ARM.attributes
                0x00000000000001e4       0x2c ./src/timer.o
 .ARM.attributes
                0x0000000000000210       0x1e /home/ondrej/opt/xPacks/@xpack-dev-tools/arm-none-eabi-gcc/9.2.1-1.1.1/.content/bin/../lib/gcc/arm-none-eabi/9.2.1/thumb/v6-m/nofp/libgcc.a(_udivsi3.o)
 .ARM.attributes
                0x000000000000022e       0x1e /home/ondrej/opt/xPacks/@xpack-dev-tools/arm-none-eabi-gcc/9.2.1-1.1.1/.content/bin/../lib/gcc/arm-none-eabi/9.2.1/thumb/v6-m/nofp/libgcc.a(_dvmd_tls.o)

.debug
 *(.debug)

.line
 *(.line)

.debug_srcinfo
 *(.debug_srcinfo)

.debug_sfnames
 *(.debug_sfnames)

.debug_aranges  0x0000000000000000      0x3c8
 *(.debug_aranges)
 .debug_aranges
                0x0000000000000000       0x80 ./system/src/stm32f0-stdperiph/stm32f0xx_gpio.o
 .debug_aranges
                0x0000000000000080      0x160 ./system/src/stm32f0-stdperiph/stm32f0xx_rcc.o
 .debug_aranges
                0x00000000000001e0       0x28 ./system/src/newlib/_exit.o
 .debug_aranges
                0x0000000000000208       0x40 ./system/src/newlib/_startup.o
 .debug_aranges
                0x0000000000000248       0x30 ./system/src/newlib/_syscalls.o
 .debug_aranges
                0x0000000000000278       0x28 ./system/src/cortexm/_initialize_hardware.o
 .debug_aranges
                0x00000000000002a0       0x20 ./system/src/cortexm/_reset_hardware.o
 .debug_aranges
                0x00000000000002c0       0x50 ./system/src/cortexm/exception_handlers.o
 .debug_aranges
                0x0000000000000310       0x28 ./system/src/cmsis/system_stm32f0xx.o
 .debug_aranges
                0x0000000000000338       0x20 ./system/src/cmsis/vectors_stm32f0xx.o
 .debug_aranges
                0x0000000000000358       0x30 ./src/main.o
 .debug_aranges
                0x0000000000000388       0x40 ./src/timer.o

.debug_pubnames
 *(.debug_pubnames)

.debug_info     0x0000000000000000     0x4f3c
 *(.debug_info .gnu.linkonce.wi.*)
 .debug_info    0x0000000000000000      0x720 ./system/src/stm32f0-stdperiph/stm32f0xx_gpio.o
 .debug_info    0x0000000000000720      0xb8c ./system/src/stm32f0-stdperiph/stm32f0xx_rcc.o
 .debug_info    0x00000000000012ac      0x9f1 ./system/src/newlib/_exit.o
 .debug_info    0x0000000000001c9d      0x44c ./system/src/newlib/_startup.o
 .debug_info    0x00000000000020e9      0xab5 ./system/src/newlib/_syscalls.o
 .debug_info    0x0000000000002b9e       0xe8 ./system/src/cortexm/_initialize_hardware.o
 .debug_info    0x0000000000002c86      0x1c6 ./system/src/cortexm/_reset_hardware.o
 .debug_info    0x0000000000002e4c      0xaaa ./system/src/cortexm/exception_handlers.o
 .debug_info    0x00000000000038f6      0x33a ./system/src/cmsis/system_stm32f0xx.o
 .debug_info    0x0000000000003c30       0xca ./system/src/cmsis/vectors_stm32f0xx.o
 .debug_info    0x0000000000003cfa      0xd81 ./src/main.o
 .debug_info    0x0000000000004a7b      0x4c1 ./src/timer.o

.debug_abbrev   0x0000000000000000     0x15b5
 *(.debug_abbrev)
 .debug_abbrev  0x0000000000000000      0x22c ./system/src/stm32f0-stdperiph/stm32f0xx_gpio.o
 .debug_abbrev  0x000000000000022c      0x281 ./system/src/stm32f0-stdperiph/stm32f0xx_rcc.o
 .debug_abbrev  0x00000000000004ad      0x243 ./system/src/newlib/_exit.o
 .debug_abbrev  0x00000000000006f0      0x19d ./system/src/newlib/_startup.o
 .debug_abbrev  0x000000000000088d      0x26a ./system/src/newlib/_syscalls.o
 .debug_abbrev  0x0000000000000af7       0x86 ./system/src/cortexm/_initialize_hardware.o
 .debug_abbrev  0x0000000000000b7d      0x11c ./system/src/cortexm/_reset_hardware.o
 .debug_abbrev  0x0000000000000c99      0x22d ./system/src/cortexm/exception_handlers.o
 .debug_abbrev  0x0000000000000ec6      0x197 ./system/src/cmsis/system_stm32f0xx.o
 .debug_abbrev  0x000000000000105d       0xa2 ./system/src/cmsis/vectors_stm32f0xx.o
 .debug_abbrev  0x00000000000010ff      0x298 ./src/main.o
 .debug_abbrev  0x0000000000001397      0x21e ./src/timer.o

.debug_line     0x0000000000000000     0x27be
 *(.debug_line)
 .debug_line    0x0000000000000000      0x4c4 ./system/src/stm32f0-stdperiph/stm32f0xx_gpio.o
 .debug_line    0x00000000000004c4      0xcfe ./system/src/stm32f0-stdperiph/stm32f0xx_rcc.o
 .debug_line    0x00000000000011c2      0x226 ./system/src/newlib/_exit.o
 .debug_line    0x00000000000013e8      0x2cf ./system/src/newlib/_startup.o
 .debug_line    0x00000000000016b7      0x26e ./system/src/newlib/_syscalls.o
 .debug_line    0x0000000000001925      0x13a ./system/src/cortexm/_initialize_hardware.o
 .debug_line    0x0000000000001a5f      0x16a ./system/src/cortexm/_reset_hardware.o
 .debug_line    0x0000000000001bc9      0x26f ./system/src/cortexm/exception_handlers.o
 .debug_line    0x0000000000001e38      0x333 ./system/src/cmsis/system_stm32f0xx.o
 .debug_line    0x000000000000216b       0x6f ./system/src/cmsis/vectors_stm32f0xx.o
 .debug_line    0x00000000000021da      0x3b8 ./src/main.o
 .debug_line    0x0000000000002592      0x22c ./src/timer.o

.debug_frame    0x0000000000000000      0x724
 *(.debug_frame)
 .debug_frame   0x0000000000000000      0x108 ./system/src/stm32f0-stdperiph/stm32f0xx_gpio.o
 .debug_frame   0x0000000000000108      0x2c4 ./system/src/stm32f0-stdperiph/stm32f0xx_rcc.o
 .debug_frame   0x00000000000003cc       0x40 ./system/src/newlib/_exit.o
 .debug_frame   0x000000000000040c       0x88 ./system/src/newlib/_startup.o
 .debug_frame   0x0000000000000494       0x50 ./system/src/newlib/_syscalls.o
 .debug_frame   0x00000000000004e4       0x40 ./system/src/cortexm/_initialize_hardware.o
 .debug_frame   0x0000000000000524       0x20 ./system/src/cortexm/_reset_hardware.o
 .debug_frame   0x0000000000000544       0x80 ./system/src/cortexm/exception_handlers.o
 .debug_frame   0x00000000000005c4       0x48 ./system/src/cmsis/system_stm32f0xx.o
 .debug_frame   0x000000000000060c       0x20 ./system/src/cmsis/vectors_stm32f0xx.o
 .debug_frame   0x000000000000062c       0x68 ./src/main.o
 .debug_frame   0x0000000000000694       0x70 ./src/timer.o
 .debug_frame   0x0000000000000704       0x20 /home/ondrej/opt/xPacks/@xpack-dev-tools/arm-none-eabi-gcc/9.2.1-1.1.1/.content/bin/../lib/gcc/arm-none-eabi/9.2.1/thumb/v6-m/nofp/libgcc.a(_udivsi3.o)

.debug_str      0x0000000000000000     0x15e1
 *(.debug_str)
 .debug_str     0x0000000000000000      0x4c3 ./system/src/stm32f0-stdperiph/stm32f0xx_gpio.o
                                        0x509 (size before relaxing)
 .debug_str     0x00000000000004c3      0x5c7 ./system/src/stm32f0-stdperiph/stm32f0xx_rcc.o
                                        0x806 (size before relaxing)
 .debug_str     0x0000000000000a8a      0x431 ./system/src/newlib/_exit.o
                                        0x609 (size before relaxing)
 .debug_str     0x0000000000000ebb      0x16d ./system/src/newlib/_startup.o
                                        0x33b (size before relaxing)
 .debug_str     0x0000000000001028       0x8a ./system/src/newlib/_syscalls.o
                                        0x63a (size before relaxing)
 .debug_str     0x00000000000010b2       0x5e ./system/src/cortexm/_initialize_hardware.o
                                        0x244 (size before relaxing)
 .debug_str     0x0000000000001110       0x65 ./system/src/cortexm/_reset_hardware.o
                                        0x23e (size before relaxing)
 .debug_str     0x0000000000001175       0xb0 ./system/src/cortexm/exception_handlers.o
                                        0x67e (size before relaxing)
 .debug_str     0x0000000000001225       0x57 ./system/src/cmsis/system_stm32f0xx.o
                                        0x2e2 (size before relaxing)
 .debug_str     0x000000000000127c       0x56 ./system/src/cmsis/vectors_stm32f0xx.o
                                        0x1f1 (size before relaxing)
 .debug_str     0x00000000000012d2       0x6a ./src/main.o
                                        0x81f (size before relaxing)
 .debug_str     0x000000000000133c      0x2a5 ./src/timer.o
                                        0x4cf (size before relaxing)

.debug_loc      0x0000000000000000     0x1110
 *(.debug_loc)
 .debug_loc     0x0000000000000000      0x38e ./system/src/stm32f0-stdperiph/stm32f0xx_gpio.o
 .debug_loc     0x000000000000038e      0x81d ./system/src/stm32f0-stdperiph/stm32f0xx_rcc.o
 .debug_loc     0x0000000000000bab       0x25 ./system/src/newlib/_exit.o
 .debug_loc     0x0000000000000bd0      0x322 ./system/src/newlib/_startup.o
 .debug_loc     0x0000000000000ef2       0x6f ./system/src/newlib/_syscalls.o
 .debug_loc     0x0000000000000f61       0x2a ./system/src/cortexm/exception_handlers.o
 .debug_loc     0x0000000000000f8b      0x121 ./system/src/cmsis/system_stm32f0xx.o
 .debug_loc     0x00000000000010ac       0x64 ./src/timer.o

.debug_macinfo
 *(.debug_macinfo)

.debug_weaknames
 *(.debug_weaknames)

.debug_funcnames
 *(.debug_funcnames)

.debug_typenames
 *(.debug_typenames)

.debug_varnames
 *(.debug_varnames)
OUTPUT(stm32_blinky.elf elf32-littlearm)

.debug_ranges   0x0000000000000000      0x3d8
 .debug_ranges  0x0000000000000000       0x70 ./system/src/stm32f0-stdperiph/stm32f0xx_gpio.o
 .debug_ranges  0x0000000000000070      0x150 ./system/src/stm32f0-stdperiph/stm32f0xx_rcc.o
 .debug_ranges  0x00000000000001c0       0x18 ./system/src/newlib/_exit.o
 .debug_ranges  0x00000000000001d8       0x98 ./system/src/newlib/_startup.o
 .debug_ranges  0x0000000000000270       0x20 ./system/src/newlib/_syscalls.o
 .debug_ranges  0x0000000000000290       0x18 ./system/src/cortexm/_initialize_hardware.o
 .debug_ranges  0x00000000000002a8       0x10 ./system/src/cortexm/_reset_hardware.o
 .debug_ranges  0x00000000000002b8       0x40 ./system/src/cortexm/exception_handlers.o
 .debug_ranges  0x00000000000002f8       0x48 ./system/src/cmsis/system_stm32f0xx.o
 .debug_ranges  0x0000000000000340       0x10 ./system/src/cmsis/vectors_stm32f0xx.o
 .debug_ranges  0x0000000000000350       0x20 ./src/main.o
 .debug_ranges  0x0000000000000370       0x68 ./src/timer.o
