Archive member included because of file (symbol)

c:/ti/ccsv6/tools/compiler/gcc-arm-none-eabi-4_8-2014q3/bin/../lib/gcc/arm-none-eabi/4.8.4/armv6-m\libgcc.a(_thumb1_case_uqi.o)
                              ./system/src/stm32f0-stdperiph/stm32f0xx_rcc.o (__gnu_thumb1_case_uqi)
c:/ti/ccsv6/tools/compiler/gcc-arm-none-eabi-4_8-2014q3/bin/../lib/gcc/arm-none-eabi/4.8.4/armv6-m\libgcc.a(_udivsi3.o)
                              ./system/src/stm32f0-stdperiph/stm32f0xx_rcc.o (__aeabi_uidiv)
c:/ti/ccsv6/tools/compiler/gcc-arm-none-eabi-4_8-2014q3/bin/../lib/gcc/arm-none-eabi/4.8.4/armv6-m\libgcc.a(_dvmd_tls.o)
                              c:/ti/ccsv6/tools/compiler/gcc-arm-none-eabi-4_8-2014q3/bin/../lib/gcc/arm-none-eabi/4.8.4/armv6-m\libgcc.a(_udivsi3.o) (__aeabi_idiv0)
c:/ti/ccsv6/tools/compiler/gcc-arm-none-eabi-4_8-2014q3/bin/../lib/gcc/arm-none-eabi/4.8.4/../../../../arm-none-eabi/lib/armv6-m\libg_s.a(lib_a-errno.o)
                              ./system/src/newlib/_sbrk.o (__errno)
c:/ti/ccsv6/tools/compiler/gcc-arm-none-eabi-4_8-2014q3/bin/../lib/gcc/arm-none-eabi/4.8.4/../../../../arm-none-eabi/lib/armv6-m\libg_s.a(lib_a-impure.o)
                              c:/ti/ccsv6/tools/compiler/gcc-arm-none-eabi-4_8-2014q3/bin/../lib/gcc/arm-none-eabi/4.8.4/../../../../arm-none-eabi/lib/armv6-m\libg_s.a(lib_a-errno.o) (_impure_ptr)

Allocating common symbols
Common symbol       size              file

errno               0x4               ./system/src/newlib/_syscalls.o

Discarded input sections

 .text          0x00000000        0x0 ./system/src/stm32f0-stdperiph/stm32f0xx_gpio.o
 .data          0x00000000        0x0 ./system/src/stm32f0-stdperiph/stm32f0xx_gpio.o
 .bss           0x00000000        0x0 ./system/src/stm32f0-stdperiph/stm32f0xx_gpio.o
 .text.GPIO_DeInit
                0x00000000       0xa4 ./system/src/stm32f0-stdperiph/stm32f0xx_gpio.o
 .text.GPIO_StructInit
                0x00000000       0x18 ./system/src/stm32f0-stdperiph/stm32f0xx_gpio.o
 .text.GPIO_PinLockConfig
                0x00000000       0x24 ./system/src/stm32f0-stdperiph/stm32f0xx_gpio.o
 .text.GPIO_ReadInputData
                0x00000000        0x6 ./system/src/stm32f0-stdperiph/stm32f0xx_gpio.o
 .text.GPIO_ReadOutputDataBit
                0x00000000        0xc ./system/src/stm32f0-stdperiph/stm32f0xx_gpio.o
 .text.GPIO_ReadOutputData
                0x00000000        0x6 ./system/src/stm32f0-stdperiph/stm32f0xx_gpio.o
 .text.GPIO_WriteBit
                0x00000000        0xc ./system/src/stm32f0-stdperiph/stm32f0xx_gpio.o
 .text.GPIO_Write
                0x00000000        0x4 ./system/src/stm32f0-stdperiph/stm32f0xx_gpio.o
 .text.GPIO_PinAFConfig
                0x00000000       0x24 ./system/src/stm32f0-stdperiph/stm32f0xx_gpio.o
 .text          0x00000000        0x0 ./system/src/stm32f0-stdperiph/stm32f0xx_rcc.o
 .data          0x00000000        0x0 ./system/src/stm32f0-stdperiph/stm32f0xx_rcc.o
 .bss           0x00000000        0x0 ./system/src/stm32f0-stdperiph/stm32f0xx_rcc.o
 .text.RCC_DeInit
                0x00000000       0x60 ./system/src/stm32f0-stdperiph/stm32f0xx_rcc.o
 .text.RCC_HSEConfig
                0x00000000       0x10 ./system/src/stm32f0-stdperiph/stm32f0xx_rcc.o
 .text.RCC_AdjustHSICalibrationValue
                0x00000000       0x14 ./system/src/stm32f0-stdperiph/stm32f0xx_rcc.o
 .text.RCC_HSICmd
                0x00000000       0x1c ./system/src/stm32f0-stdperiph/stm32f0xx_rcc.o
 .text.RCC_AdjustHSI14CalibrationValue
                0x00000000       0x14 ./system/src/stm32f0-stdperiph/stm32f0xx_rcc.o
 .text.RCC_HSI14Cmd
                0x00000000       0x1c ./system/src/stm32f0-stdperiph/stm32f0xx_rcc.o
 .text.RCC_HSI14ADCRequestCmd
                0x00000000       0x1c ./system/src/stm32f0-stdperiph/stm32f0xx_rcc.o
 .text.RCC_LSEConfig
                0x00000000       0x20 ./system/src/stm32f0-stdperiph/stm32f0xx_rcc.o
 .text.RCC_LSEDriveConfig
                0x00000000       0x18 ./system/src/stm32f0-stdperiph/stm32f0xx_rcc.o
 .text.RCC_LSICmd
                0x00000000       0x1c ./system/src/stm32f0-stdperiph/stm32f0xx_rcc.o
 .text.RCC_PLLConfig
                0x00000000       0x20 ./system/src/stm32f0-stdperiph/stm32f0xx_rcc.o
 .text.RCC_PLLCmd
                0x00000000       0x20 ./system/src/stm32f0-stdperiph/stm32f0xx_rcc.o
 .text.RCC_HSI48Cmd
                0x00000000       0x20 ./system/src/stm32f0-stdperiph/stm32f0xx_rcc.o
 .text.RCC_PREDIV1Config
                0x00000000       0x14 ./system/src/stm32f0-stdperiph/stm32f0xx_rcc.o
 .text.RCC_ClockSecuritySystemCmd
                0x00000000       0x20 ./system/src/stm32f0-stdperiph/stm32f0xx_rcc.o
 .text.RCC_MCOConfig
                0x00000000       0x18 ./system/src/stm32f0-stdperiph/stm32f0xx_rcc.o
 .text.RCC_SYSCLKConfig
                0x00000000       0x14 ./system/src/stm32f0-stdperiph/stm32f0xx_rcc.o
 .text.RCC_GetSYSCLKSource
                0x00000000       0x10 ./system/src/stm32f0-stdperiph/stm32f0xx_rcc.o
 .text.RCC_HCLKConfig
                0x00000000       0x14 ./system/src/stm32f0-stdperiph/stm32f0xx_rcc.o
 .text.RCC_PCLKConfig
                0x00000000       0x18 ./system/src/stm32f0-stdperiph/stm32f0xx_rcc.o
 .text.RCC_ADCCLKConfig
                0x00000000       0x30 ./system/src/stm32f0-stdperiph/stm32f0xx_rcc.o
 .text.RCC_CECCLKConfig
                0x00000000       0x18 ./system/src/stm32f0-stdperiph/stm32f0xx_rcc.o
 .text.RCC_I2CCLKConfig
                0x00000000       0x18 ./system/src/stm32f0-stdperiph/stm32f0xx_rcc.o
 .text.RCC_USARTCLKConfig
                0x00000000       0x34 ./system/src/stm32f0-stdperiph/stm32f0xx_rcc.o
 .text.RCC_USBCLKConfig
                0x00000000       0x18 ./system/src/stm32f0-stdperiph/stm32f0xx_rcc.o
 .text.RCC_RTCCLKConfig
                0x00000000       0x10 ./system/src/stm32f0-stdperiph/stm32f0xx_rcc.o
 .text.RCC_RTCCLKCmd
                0x00000000       0x20 ./system/src/stm32f0-stdperiph/stm32f0xx_rcc.o
 .text.RCC_BackupResetCmd
                0x00000000       0x20 ./system/src/stm32f0-stdperiph/stm32f0xx_rcc.o
 .text.RCC_APB2PeriphClockCmd
                0x00000000       0x18 ./system/src/stm32f0-stdperiph/stm32f0xx_rcc.o
 .text.RCC_AHBPeriphResetCmd
                0x00000000       0x18 ./system/src/stm32f0-stdperiph/stm32f0xx_rcc.o
 .text.RCC_APB2PeriphResetCmd
                0x00000000       0x18 ./system/src/stm32f0-stdperiph/stm32f0xx_rcc.o
 .text.RCC_APB1PeriphResetCmd
                0x00000000       0x18 ./system/src/stm32f0-stdperiph/stm32f0xx_rcc.o
 .text.RCC_ITConfig
                0x00000000       0x18 ./system/src/stm32f0-stdperiph/stm32f0xx_rcc.o
 .text.RCC_GetFlagStatus
                0x00000000       0x30 ./system/src/stm32f0-stdperiph/stm32f0xx_rcc.o
 .text.RCC_WaitForHSEStartUp
                0x00000000       0x2e ./system/src/stm32f0-stdperiph/stm32f0xx_rcc.o
 .text.RCC_ClearFlag
                0x00000000       0x14 ./system/src/stm32f0-stdperiph/stm32f0xx_rcc.o
 .text.RCC_GetITStatus
                0x00000000       0x14 ./system/src/stm32f0-stdperiph/stm32f0xx_rcc.o
 .text.RCC_ClearITPendingBit
                0x00000000        0xc ./system/src/stm32f0-stdperiph/stm32f0xx_rcc.o
 .text          0x00000000        0x0 ./system/src/stm32f0-stdperiph/stm32f0xx_usart.o
 .data          0x00000000        0x0 ./system/src/stm32f0-stdperiph/stm32f0xx_usart.o
 .bss           0x00000000        0x0 ./system/src/stm32f0-stdperiph/stm32f0xx_usart.o
 .text.USART_DeInit
                0x00000000       0xd4 ./system/src/stm32f0-stdperiph/stm32f0xx_usart.o
 .text.USART_ClockInit
                0x00000000       0x20 ./system/src/stm32f0-stdperiph/stm32f0xx_usart.o
 .text.USART_ClockStructInit
                0x00000000        0xc ./system/src/stm32f0-stdperiph/stm32f0xx_usart.o
 .text.USART_DirectionModeCmd
                0x00000000       0x12 ./system/src/stm32f0-stdperiph/stm32f0xx_usart.o
 .text.USART_OverSampling8Cmd
                0x00000000       0x1c ./system/src/stm32f0-stdperiph/stm32f0xx_usart.o
 .text.USART_OneBitMethodCmd
                0x00000000       0x1c ./system/src/stm32f0-stdperiph/stm32f0xx_usart.o
 .text.USART_MSBFirstCmd
                0x00000000       0x1c ./system/src/stm32f0-stdperiph/stm32f0xx_usart.o
 .text.USART_DataInvCmd
                0x00000000       0x1c ./system/src/stm32f0-stdperiph/stm32f0xx_usart.o
 .text.USART_InvPinCmd
                0x00000000       0x12 ./system/src/stm32f0-stdperiph/stm32f0xx_usart.o
 .text.USART_SWAPPinCmd
                0x00000000       0x1c ./system/src/stm32f0-stdperiph/stm32f0xx_usart.o
 .text.USART_ReceiverTimeOutCmd
                0x00000000       0x1c ./system/src/stm32f0-stdperiph/stm32f0xx_usart.o
 .text.USART_SetReceiverTimeOut
                0x00000000       0x10 ./system/src/stm32f0-stdperiph/stm32f0xx_usart.o
 .text.USART_SetPrescaler
                0x00000000       0x10 ./system/src/stm32f0-stdperiph/stm32f0xx_usart.o
 .text.USART_STOPModeCmd
                0x00000000       0x14 ./system/src/stm32f0-stdperiph/stm32f0xx_usart.o
 .text.USART_StopModeWakeUpSourceConfig
                0x00000000       0x14 ./system/src/stm32f0-stdperiph/stm32f0xx_usart.o
 .text.USART_AutoBaudRateCmd
                0x00000000       0x1c ./system/src/stm32f0-stdperiph/stm32f0xx_usart.o
 .text.USART_AutoBaudRateConfig
                0x00000000       0x14 ./system/src/stm32f0-stdperiph/stm32f0xx_usart.o
 .text.USART_ReceiveData
                0x00000000        0x8 ./system/src/stm32f0-stdperiph/stm32f0xx_usart.o
 .text.USART_SetAddress
                0x00000000       0x12 ./system/src/stm32f0-stdperiph/stm32f0xx_usart.o
 .text.USART_MuteModeCmd
                0x00000000       0x1c ./system/src/stm32f0-stdperiph/stm32f0xx_usart.o
 .text.USART_MuteModeWakeUpConfig
                0x00000000       0x14 ./system/src/stm32f0-stdperiph/stm32f0xx_usart.o
 .text.USART_AddressDetectionConfig
                0x00000000       0x10 ./system/src/stm32f0-stdperiph/stm32f0xx_usart.o
 .text.USART_LINBreakDetectLengthConfig
                0x00000000       0x10 ./system/src/stm32f0-stdperiph/stm32f0xx_usart.o
 .text.USART_LINCmd
                0x00000000       0x1c ./system/src/stm32f0-stdperiph/stm32f0xx_usart.o
 .text.USART_HalfDuplexCmd
                0x00000000       0x14 ./system/src/stm32f0-stdperiph/stm32f0xx_usart.o
 .text.USART_SetGuardTime
                0x00000000       0x10 ./system/src/stm32f0-stdperiph/stm32f0xx_usart.o
 .text.USART_SmartCardCmd
                0x00000000       0x14 ./system/src/stm32f0-stdperiph/stm32f0xx_usart.o
 .text.USART_SmartCardNACKCmd
                0x00000000       0x14 ./system/src/stm32f0-stdperiph/stm32f0xx_usart.o
 .text.USART_SetAutoRetryCount
                0x00000000       0x18 ./system/src/stm32f0-stdperiph/stm32f0xx_usart.o
 .text.USART_SetBlockLength
                0x00000000       0x12 ./system/src/stm32f0-stdperiph/stm32f0xx_usart.o
 .text.USART_IrDAConfig
                0x00000000       0x10 ./system/src/stm32f0-stdperiph/stm32f0xx_usart.o
 .text.USART_IrDACmd
                0x00000000       0x14 ./system/src/stm32f0-stdperiph/stm32f0xx_usart.o
 .text.USART_DECmd
                0x00000000       0x1c ./system/src/stm32f0-stdperiph/stm32f0xx_usart.o
 .text.USART_DEPolarityConfig
                0x00000000       0x14 ./system/src/stm32f0-stdperiph/stm32f0xx_usart.o
 .text.USART_SetDEAssertionTime
                0x00000000       0x18 ./system/src/stm32f0-stdperiph/stm32f0xx_usart.o
 .text.USART_SetDEDeassertionTime
                0x00000000       0x18 ./system/src/stm32f0-stdperiph/stm32f0xx_usart.o
 .text.USART_DMACmd
                0x00000000       0x12 ./system/src/stm32f0-stdperiph/stm32f0xx_usart.o
 .text.USART_DMAReceptionErrorConfig
                0x00000000       0x14 ./system/src/stm32f0-stdperiph/stm32f0xx_usart.o
 .text.USART_ITConfig
                0x00000000       0x2e ./system/src/stm32f0-stdperiph/stm32f0xx_usart.o
 .text.USART_RequestCmd
                0x00000000       0x14 ./system/src/stm32f0-stdperiph/stm32f0xx_usart.o
 .text.USART_OverrunDetectionConfig
                0x00000000       0x14 ./system/src/stm32f0-stdperiph/stm32f0xx_usart.o
 .text.USART_GetFlagStatus
                0x00000000        0xc ./system/src/stm32f0-stdperiph/stm32f0xx_usart.o
 .text.USART_ClearFlag
                0x00000000        0x4 ./system/src/stm32f0-stdperiph/stm32f0xx_usart.o
 .text.USART_GetITStatus
                0x00000000       0x3e ./system/src/stm32f0-stdperiph/stm32f0xx_usart.o
 .text.USART_ClearITPendingBit
                0x00000000        0xa ./system/src/stm32f0-stdperiph/stm32f0xx_usart.o
 .text          0x00000000        0x0 ./system/src/newlib/_cxx.o
 .data          0x00000000        0x0 ./system/src/newlib/_cxx.o
 .bss           0x00000000        0x0 ./system/src/newlib/_cxx.o
 .text._ZN9__gnu_cxx27__verbose_terminate_handlerEv
                0x00000000        0x6 ./system/src/newlib/_cxx.o
 .text.__cxa_pure_virtual
                0x00000000        0x6 ./system/src/newlib/_cxx.o
 .debug_info    0x00000000      0x593 ./system/src/newlib/_cxx.o
 .debug_abbrev  0x00000000      0x1a4 ./system/src/newlib/_cxx.o
 .debug_aranges
                0x00000000       0x28 ./system/src/newlib/_cxx.o
 .debug_ranges  0x00000000       0x18 ./system/src/newlib/_cxx.o
 .debug_line    0x00000000      0x1b0 ./system/src/newlib/_cxx.o
 .debug_str     0x00000000      0x394 ./system/src/newlib/_cxx.o
 .comment       0x00000000       0x71 ./system/src/newlib/_cxx.o
 .ARM.attributes
                0x00000000       0x31 ./system/src/newlib/_cxx.o
 .debug_frame   0x00000000       0x40 ./system/src/newlib/_cxx.o
 .text          0x00000000        0x0 ./system/src/newlib/_exit.o
 .data          0x00000000        0x0 ./system/src/newlib/_exit.o
 .bss           0x00000000        0x0 ./system/src/newlib/_exit.o
 .text.abort    0x00000000        0x8 ./system/src/newlib/_exit.o
 .text          0x00000000        0x0 ./system/src/newlib/_sbrk.o
 .data          0x00000000        0x0 ./system/src/newlib/_sbrk.o
 .bss           0x00000000        0x0 ./system/src/newlib/_sbrk.o
 .text._sbrk    0x00000000       0x40 ./system/src/newlib/_sbrk.o
 .bss.current_heap_end.3842
                0x00000000        0x4 ./system/src/newlib/_sbrk.o
 .debug_info    0x00000000      0x121 ./system/src/newlib/_sbrk.o
 .debug_abbrev  0x00000000       0xb8 ./system/src/newlib/_sbrk.o
 .debug_loc     0x00000000       0x54 ./system/src/newlib/_sbrk.o
 .debug_aranges
                0x00000000       0x20 ./system/src/newlib/_sbrk.o
 .debug_ranges  0x00000000       0x10 ./system/src/newlib/_sbrk.o
 .debug_line    0x00000000       0xc5 ./system/src/newlib/_sbrk.o
 .debug_str     0x00000000      0x219 ./system/src/newlib/_sbrk.o
 .comment       0x00000000       0x71 ./system/src/newlib/_sbrk.o
 .ARM.attributes
                0x00000000       0x31 ./system/src/newlib/_sbrk.o
 .debug_frame   0x00000000       0x28 ./system/src/newlib/_sbrk.o
 .text          0x00000000        0x0 ./system/src/newlib/_startup.o
 .data          0x00000000        0x0 ./system/src/newlib/_startup.o
 .bss           0x00000000        0x0 ./system/src/newlib/_startup.o
 .text.__initialize_data
                0x00000000        0xc ./system/src/newlib/_startup.o
 .text.__initialize_bss
                0x00000000        0xc ./system/src/newlib/_startup.o
 .text.__run_init_array
                0x00000000       0x48 ./system/src/newlib/_startup.o
 .text.__run_fini_array
                0x00000000       0x24 ./system/src/newlib/_startup.o
 .text          0x00000000        0x0 ./system/src/newlib/_syscalls.o
 .data          0x00000000        0x0 ./system/src/newlib/_syscalls.o
 .bss           0x00000000        0x0 ./system/src/newlib/_syscalls.o
 .text.raise    0x00000000       0x10 ./system/src/newlib/_syscalls.o
 .text.kill     0x00000000       0x10 ./system/src/newlib/_syscalls.o
 .bss.__dso_handle
                0x00000000        0x4 ./system/src/newlib/_syscalls.o
 COMMON         0x00000000        0x4 ./system/src/newlib/_syscalls.o
 .text          0x00000000        0x0 ./system/src/newlib/assert.o
 .data          0x00000000        0x0 ./system/src/newlib/assert.o
 .bss           0x00000000        0x0 ./system/src/newlib/assert.o
 .text.__assert_func
                0x00000000        0x6 ./system/src/newlib/assert.o
 .debug_info    0x00000000      0x10b ./system/src/newlib/assert.o
 .debug_abbrev  0x00000000       0xa6 ./system/src/newlib/assert.o
 .debug_loc     0x00000000       0x84 ./system/src/newlib/assert.o
 .debug_aranges
                0x00000000       0x20 ./system/src/newlib/assert.o
 .debug_ranges  0x00000000       0x10 ./system/src/newlib/assert.o
 .debug_line    0x00000000       0xd2 ./system/src/newlib/assert.o
 .debug_str     0x00000000      0x202 ./system/src/newlib/assert.o
 .comment       0x00000000       0x71 ./system/src/newlib/assert.o
 .ARM.attributes
                0x00000000       0x31 ./system/src/newlib/assert.o
 .debug_frame   0x00000000       0x28 ./system/src/newlib/assert.o
 .text          0x00000000        0x0 ./system/src/diag/Trace.o
 .data          0x00000000        0x0 ./system/src/diag/Trace.o
 .bss           0x00000000        0x0 ./system/src/diag/Trace.o
 .debug_line    0x00000000        0x0 ./system/src/diag/Trace.o
 .debug_str     0x00000000        0x0 ./system/src/diag/Trace.o
 .comment       0x00000000       0x71 ./system/src/diag/Trace.o
 .ARM.attributes
                0x00000000       0x31 ./system/src/diag/Trace.o
 .text          0x00000000        0x0 ./system/src/diag/trace_impl.o
 .data          0x00000000        0x0 ./system/src/diag/trace_impl.o
 .bss           0x00000000        0x0 ./system/src/diag/trace_impl.o
 .debug_line    0x00000000        0x0 ./system/src/diag/trace_impl.o
 .debug_str     0x00000000        0x0 ./system/src/diag/trace_impl.o
 .comment       0x00000000       0x71 ./system/src/diag/trace_impl.o
 .ARM.attributes
                0x00000000       0x31 ./system/src/diag/trace_impl.o
 .text          0x00000000        0x0 ./system/src/cortexm/_initialize_hardware.o
 .data          0x00000000        0x0 ./system/src/cortexm/_initialize_hardware.o
 .bss           0x00000000        0x0 ./system/src/cortexm/_initialize_hardware.o
 .text          0x00000000        0x0 ./system/src/cortexm/_reset_hardware.o
 .data          0x00000000        0x0 ./system/src/cortexm/_reset_hardware.o
 .bss           0x00000000        0x0 ./system/src/cortexm/_reset_hardware.o
 .text          0x00000000        0x0 ./system/src/cortexm/exception_handlers.o
 .data          0x00000000        0x0 ./system/src/cortexm/exception_handlers.o
 .bss           0x00000000        0x0 ./system/src/cortexm/exception_handlers.o
 .text          0x00000000        0x0 ./system/src/cmsis/system_stm32f0xx.o
 .data          0x00000000        0x0 ./system/src/cmsis/system_stm32f0xx.o
 .bss           0x00000000        0x0 ./system/src/cmsis/system_stm32f0xx.o
 .text          0x00000000        0x0 ./system/src/cmsis/vectors_stm32f0xx.o
 .data          0x00000000        0x0 ./system/src/cmsis/vectors_stm32f0xx.o
 .bss           0x00000000        0x0 ./system/src/cmsis/vectors_stm32f0xx.o
 .text          0x00000000        0x0 ./src/main.o
 .data          0x00000000        0x0 ./src/main.o
 .bss           0x00000000        0x0 ./src/main.o
 .text          0x00000000        0x0 ./src/timer.o
 .data          0x00000000        0x0 ./src/timer.o
 .bss           0x00000000        0x0 ./src/timer.o
 .text.millis   0x00000000        0xc ./src/timer.o
 .data          0x00000000        0x0 c:/ti/ccsv6/tools/compiler/gcc-arm-none-eabi-4_8-2014q3/bin/../lib/gcc/arm-none-eabi/4.8.4/armv6-m\libgcc.a(_thumb1_case_uqi.o)
 .bss           0x00000000        0x0 c:/ti/ccsv6/tools/compiler/gcc-arm-none-eabi-4_8-2014q3/bin/../lib/gcc/arm-none-eabi/4.8.4/armv6-m\libgcc.a(_thumb1_case_uqi.o)
 .data          0x00000000        0x0 c:/ti/ccsv6/tools/compiler/gcc-arm-none-eabi-4_8-2014q3/bin/../lib/gcc/arm-none-eabi/4.8.4/armv6-m\libgcc.a(_udivsi3.o)
 .bss           0x00000000        0x0 c:/ti/ccsv6/tools/compiler/gcc-arm-none-eabi-4_8-2014q3/bin/../lib/gcc/arm-none-eabi/4.8.4/armv6-m\libgcc.a(_udivsi3.o)
 .data          0x00000000        0x0 c:/ti/ccsv6/tools/compiler/gcc-arm-none-eabi-4_8-2014q3/bin/../lib/gcc/arm-none-eabi/4.8.4/armv6-m\libgcc.a(_dvmd_tls.o)
 .bss           0x00000000        0x0 c:/ti/ccsv6/tools/compiler/gcc-arm-none-eabi-4_8-2014q3/bin/../lib/gcc/arm-none-eabi/4.8.4/armv6-m\libgcc.a(_dvmd_tls.o)
 .text          0x00000000        0x0 c:/ti/ccsv6/tools/compiler/gcc-arm-none-eabi-4_8-2014q3/bin/../lib/gcc/arm-none-eabi/4.8.4/../../../../arm-none-eabi/lib/armv6-m\libg_s.a(lib_a-errno.o)
 .data          0x00000000        0x0 c:/ti/ccsv6/tools/compiler/gcc-arm-none-eabi-4_8-2014q3/bin/../lib/gcc/arm-none-eabi/4.8.4/../../../../arm-none-eabi/lib/armv6-m\libg_s.a(lib_a-errno.o)
 .bss           0x00000000        0x0 c:/ti/ccsv6/tools/compiler/gcc-arm-none-eabi-4_8-2014q3/bin/../lib/gcc/arm-none-eabi/4.8.4/../../../../arm-none-eabi/lib/armv6-m\libg_s.a(lib_a-errno.o)
 .text.__errno  0x00000000        0xc c:/ti/ccsv6/tools/compiler/gcc-arm-none-eabi-4_8-2014q3/bin/../lib/gcc/arm-none-eabi/4.8.4/../../../../arm-none-eabi/lib/armv6-m\libg_s.a(lib_a-errno.o)
 .ARM.attributes
                0x00000000       0x2c c:/ti/ccsv6/tools/compiler/gcc-arm-none-eabi-4_8-2014q3/bin/../lib/gcc/arm-none-eabi/4.8.4/../../../../arm-none-eabi/lib/armv6-m\libg_s.a(lib_a-errno.o)
 .debug_frame   0x00000000       0x20 c:/ti/ccsv6/tools/compiler/gcc-arm-none-eabi-4_8-2014q3/bin/../lib/gcc/arm-none-eabi/4.8.4/../../../../arm-none-eabi/lib/armv6-m\libg_s.a(lib_a-errno.o)
 .text          0x00000000        0x0 c:/ti/ccsv6/tools/compiler/gcc-arm-none-eabi-4_8-2014q3/bin/../lib/gcc/arm-none-eabi/4.8.4/../../../../arm-none-eabi/lib/armv6-m\libg_s.a(lib_a-impure.o)
 .data          0x00000000        0x0 c:/ti/ccsv6/tools/compiler/gcc-arm-none-eabi-4_8-2014q3/bin/../lib/gcc/arm-none-eabi/4.8.4/../../../../arm-none-eabi/lib/armv6-m\libg_s.a(lib_a-impure.o)
 .bss           0x00000000        0x0 c:/ti/ccsv6/tools/compiler/gcc-arm-none-eabi-4_8-2014q3/bin/../lib/gcc/arm-none-eabi/4.8.4/../../../../arm-none-eabi/lib/armv6-m\libg_s.a(lib_a-impure.o)
 .data.impure_data
                0x00000000       0x60 c:/ti/ccsv6/tools/compiler/gcc-arm-none-eabi-4_8-2014q3/bin/../lib/gcc/arm-none-eabi/4.8.4/../../../../arm-none-eabi/lib/armv6-m\libg_s.a(lib_a-impure.o)
 .data._impure_ptr
                0x00000000        0x4 c:/ti/ccsv6/tools/compiler/gcc-arm-none-eabi-4_8-2014q3/bin/../lib/gcc/arm-none-eabi/4.8.4/../../../../arm-none-eabi/lib/armv6-m\libg_s.a(lib_a-impure.o)
 .rodata.str1.1
                0x00000000        0x2 c:/ti/ccsv6/tools/compiler/gcc-arm-none-eabi-4_8-2014q3/bin/../lib/gcc/arm-none-eabi/4.8.4/../../../../arm-none-eabi/lib/armv6-m\libg_s.a(lib_a-impure.o)
 .rodata._global_impure_ptr
                0x00000000        0x4 c:/ti/ccsv6/tools/compiler/gcc-arm-none-eabi-4_8-2014q3/bin/../lib/gcc/arm-none-eabi/4.8.4/../../../../arm-none-eabi/lib/armv6-m\libg_s.a(lib_a-impure.o)
 .ARM.attributes
                0x00000000       0x2c c:/ti/ccsv6/tools/compiler/gcc-arm-none-eabi-4_8-2014q3/bin/../lib/gcc/arm-none-eabi/4.8.4/../../../../arm-none-eabi/lib/armv6-m\libg_s.a(lib_a-impure.o)

Memory Configuration

Name             Origin             Length             Attributes
RAM              0x20000000         0x00004000         xrw
CCMRAM           0x00000000         0x00000000         xrw
FLASH            0x08000000         0x00020000         xr
FLASHB1          0x00000000         0x00000000         xr
EXTMEMB0         0x00000000         0x00000000         xr
EXTMEMB1         0x00000000         0x00000000         xr
EXTMEMB2         0x00000000         0x00000000         xr
EXTMEMB3         0x00000000         0x00000000         xr
MEMORY_ARRAY     0x00000000         0x00000000         xrw
*default*        0x00000000         0xffffffff

Linker script and memory map

LOAD ./system/src/stm32f0-stdperiph/stm32f0xx_gpio.o
LOAD ./system/src/stm32f0-stdperiph/stm32f0xx_rcc.o
LOAD ./system/src/stm32f0-stdperiph/stm32f0xx_usart.o
LOAD ./system/src/newlib/_cxx.o
LOAD ./system/src/newlib/_exit.o
LOAD ./system/src/newlib/_sbrk.o
LOAD ./system/src/newlib/_startup.o
LOAD ./system/src/newlib/_syscalls.o
LOAD ./system/src/newlib/assert.o
LOAD ./system/src/diag/Trace.o
LOAD ./system/src/diag/trace_impl.o
LOAD ./system/src/cortexm/_initialize_hardware.o
LOAD ./system/src/cortexm/_reset_hardware.o
LOAD ./system/src/cortexm/exception_handlers.o
LOAD ./system/src/cmsis/system_stm32f0xx.o
LOAD ./system/src/cmsis/vectors_stm32f0xx.o
LOAD ./src/main.o
LOAD ./src/timer.o
LOAD c:/ti/ccsv6/tools/compiler/gcc-arm-none-eabi-4_8-2014q3/bin/../lib/gcc/arm-none-eabi/4.8.4/../../../../arm-none-eabi/lib/armv6-m\libstdc++_s.a
LOAD c:/ti/ccsv6/tools/compiler/gcc-arm-none-eabi-4_8-2014q3/bin/../lib/gcc/arm-none-eabi/4.8.4/../../../../arm-none-eabi/lib/armv6-m\libm.a
START GROUP
LOAD c:/ti/ccsv6/tools/compiler/gcc-arm-none-eabi-4_8-2014q3/bin/../lib/gcc/arm-none-eabi/4.8.4/armv6-m\libgcc.a
LOAD c:/ti/ccsv6/tools/compiler/gcc-arm-none-eabi-4_8-2014q3/bin/../lib/gcc/arm-none-eabi/4.8.4/../../../../arm-none-eabi/lib/armv6-m\libg_s.a
LOAD c:/ti/ccsv6/tools/compiler/gcc-arm-none-eabi-4_8-2014q3/bin/../lib/gcc/arm-none-eabi/4.8.4/../../../../arm-none-eabi/lib/armv6-m\libc_s.a
END GROUP
START GROUP
LOAD c:/ti/ccsv6/tools/compiler/gcc-arm-none-eabi-4_8-2014q3/bin/../lib/gcc/arm-none-eabi/4.8.4/armv6-m\libgcc.a
LOAD c:/ti/ccsv6/tools/compiler/gcc-arm-none-eabi-4_8-2014q3/bin/../lib/gcc/arm-none-eabi/4.8.4/../../../../arm-none-eabi/lib/armv6-m\libc_s.a
END GROUP
                0x20004000                __stack = (ORIGIN (RAM) + 0x4000)
                0x20004000                _estack = __stack
                0x00000400                __Main_Stack_Size = 0x400
                0x00000400                PROVIDE (_Main_Stack_Size, __Main_Stack_Size)
                0x20003c00                __Main_Stack_Limit = (__stack - __Main_Stack_Size)
                0x20003c00                PROVIDE (_Main_Stack_Limit, __Main_Stack_Limit)
                0x00000100                _Minimum_Stack_Size = 0x100
                0x20000034                PROVIDE (_Heap_Begin, _end_noinit)
                0x20003c00                PROVIDE (_Heap_Limit, (__stack - __Main_Stack_Size))

.isr_vector     0x08000000      0x1ba
 FILL mask 0xff
                0x08000000                __vectors_start = ABSOLUTE (.)
                0x08000000                __vectors_start__ = ABSOLUTE (.)
 *(.isr_vector)
 .isr_vector    0x08000000       0xc4 ./system/src/cmsis/vectors_stm32f0xx.o
                0x08000000                g_pfnVectors
 *(.cfmconfig)
 *(.after_vectors .after_vectors.*)
 .after_vectors
                0x080000c4       0xc4 ./system/src/newlib/_startup.o
                0x080000c4                _start
 .after_vectors
                0x08000188       0x30 ./system/src/cortexm/exception_handlers.o
                0x08000188                Reset_Handler
                0x0800018c                NMI_Handler
                0x0800018e                HardFault_Handler
                0x080001a6                HardFault_Handler_C
                0x080001a8                SVC_Handler
                0x080001aa                PendSV_Handler
 .after_vectors
                0x080001b8        0x2 ./system/src/cmsis/vectors_stm32f0xx.o
                0x080001b8                TIM1_CC_IRQHandler
                0x080001b8                TSC_IRQHandler
                0x080001b8                ADC1_COMP_IRQHandler
                0x080001b8                TIM6_IRQHandler
                0x080001b8                PVD_IRQHandler
                0x080001b8                I2C1_IRQHandler
                0x080001b8                RCC_CRS_IRQHandler
                0x080001b8                SPI1_IRQHandler
                0x080001b8                TIM6_DAC_IRQHandler
                0x080001b8                USART3_4_IRQHandler
                0x080001b8                EXTI2_3_IRQHandler
                0x080001b8                ADC1_IRQHandler
                0x080001b8                I2C2_IRQHandler
                0x080001b8                USART3_6_IRQHandler
                0x080001b8                TIM17_IRQHandler
                0x080001b8                CEC_CAN_IRQHandler
                0x080001b8                RTC_IRQHandler
                0x080001b8                PVD_VDDIO2_IRQHandler
                0x080001b8                DMA1_Channel4_5_6_7_IRQHandler
                0x080001b8                TIM16_IRQHandler
                0x080001b8                TIM3_IRQHandler
                0x080001b8                EXTI4_15_IRQHandler
                0x080001b8                RCC_IRQHandler
                0x080001b8                USART3_8_IRQHandler
                0x080001b8                DMA1_Channel1_IRQHandler
                0x080001b8                Default_Handler
                0x080001b8                CEC_IRQHandler
                0x080001b8                TIM14_IRQHandler
                0x080001b8                DMA1_Channel4_5_IRQHandler
                0x080001b8                TIM7_IRQHandler
                0x080001b8                TIM15_IRQHandler
                0x080001b8                EXTI0_1_IRQHandler
                0x080001b8                USB_IRQHandler
                0x080001b8                DMA1_Ch2_3_DMA2_Ch1_2_IRQHandler
                0x080001b8                SPI2_IRQHandler
                0x080001b8                DMA1_Ch4_7_DMA2_Ch3_5_IRQHandler
                0x080001b8                TS_IRQHandler
                0x080001b8                WWDG_IRQHandler
                0x080001b8                TIM2_IRQHandler
                0x080001b8                DMA1_Channel2_3_IRQHandler
                0x080001b8                USART2_IRQHandler
                0x080001b8                VDDIO2_IRQHandler
                0x080001b8                FLASH_IRQHandler
                0x080001b8                USART1_IRQHandler
                0x080001b8                TIM1_BRK_UP_TRG_COM_IRQHandler

.inits          0x080001bc       0x28
                0x080001bc                __data_regions_array_start = .
                0x080001bc        0x4 LONG 0x8000940 LOADADDR (.data)
                0x080001c0        0x4 LONG 0x20000000 ADDR (.data)
                0x080001c4        0x4 LONG 0x2000002c (ADDR (.data) + SIZEOF (.data))
                0x080001c8        0x4 LONG 0x8000940 LOADADDR (.data_CCMRAM)
                0x080001cc        0x4 LONG 0x0 ADDR (.data_CCMRAM)
                0x080001d0        0x4 LONG 0x0 (ADDR (.data_CCMRAM) + SIZEOF (.data_CCMRAM))
                0x080001d4                __data_regions_array_end = .
                0x080001d4                __bss_regions_array_start = .
                0x080001d4        0x4 LONG 0x2000002c ADDR (.bss)
                0x080001d8        0x4 LONG 0x20000034 (ADDR (.bss) + SIZEOF (.bss))
                0x080001dc        0x4 LONG 0x0 ADDR (.bss_CCMRAM)
                0x080001e0        0x4 LONG 0x0 (ADDR (.bss_CCMRAM) + SIZEOF (.bss_CCMRAM))
                0x080001e4                __bss_regions_array_end = .
 *(.init)
 *(.fini)
                0x080001e4                . = ALIGN (0x4)
                0x080001e4                PROVIDE (__preinit_array_start, .)
 *(.preinit_array_sysinit .preinit_array_sysinit.*)
 *(.preinit_array_platform .preinit_array_platform.*)
 *(.preinit_array .preinit_array.*)
                0x080001e4                PROVIDE (__preinit_array_end, .)
                0x080001e4                . = ALIGN (0x4)
                0x080001e4                PROVIDE (__init_array_start, .)
 *(SORT(.init_array.*))
 *(.init_array)
                0x080001e4                PROVIDE (__init_array_end, .)
                0x080001e4                . = ALIGN (0x4)
                0x080001e4                PROVIDE (__fini_array_start, .)
 *(SORT(.fini_array.*))
 *(.fini_array)
                0x080001e4                PROVIDE (__fini_array_end, .)

.flashtext
 *(.flashtext .flashtext.*)

.text           0x080001e4      0x75c
 *(.text .text.*)
 .text.GPIO_Init
                0x080001e4       0x76 ./system/src/stm32f0-stdperiph/stm32f0xx_gpio.o
                0x080001e4                GPIO_Init
 .text.GPIO_ReadInputDataBit
                0x0800025a        0xc ./system/src/stm32f0-stdperiph/stm32f0xx_gpio.o
                0x0800025a                GPIO_ReadInputDataBit
 .text.GPIO_SetBits
                0x08000266        0x4 ./system/src/stm32f0-stdperiph/stm32f0xx_gpio.o
                0x08000266                GPIO_SetBits
 .text.GPIO_ResetBits
                0x0800026a        0x4 ./system/src/stm32f0-stdperiph/stm32f0xx_gpio.o
                0x0800026a                GPIO_ResetBits
 *fill*         0x0800026e        0x2 
 .text.RCC_GetClocksFreq
                0x08000270      0x188 ./system/src/stm32f0-stdperiph/stm32f0xx_rcc.o
                0x08000270                RCC_GetClocksFreq
 .text.RCC_AHBPeriphClockCmd
                0x080003f8       0x18 ./system/src/stm32f0-stdperiph/stm32f0xx_rcc.o
                0x080003f8                RCC_AHBPeriphClockCmd
 .text.RCC_APB1PeriphClockCmd
                0x08000410       0x18 ./system/src/stm32f0-stdperiph/stm32f0xx_rcc.o
                0x08000410                RCC_APB1PeriphClockCmd
 .text.USART_Init
                0x08000428       0xbc ./system/src/stm32f0-stdperiph/stm32f0xx_usart.o
                0x08000428                USART_Init
 .text.USART_StructInit
                0x080004e4       0x16 ./system/src/stm32f0-stdperiph/stm32f0xx_usart.o
                0x080004e4                USART_StructInit
 .text.USART_Cmd
                0x080004fa       0x14 ./system/src/stm32f0-stdperiph/stm32f0xx_usart.o
                0x080004fa                USART_Cmd
 .text.USART_SendData
                0x0800050e        0x8 ./system/src/stm32f0-stdperiph/stm32f0xx_usart.o
                0x0800050e                USART_SendData
 .text._exit    0x08000516        0x6 ./system/src/newlib/_exit.o
                0x08000516                _exit
 .text.__initialize_args
                0x0800051c       0x10 ./system/src/newlib/_syscalls.o
                0x0800051c                __initialize_args
 .text.__initialize_hardware_early
                0x0800052c        0x8 ./system/src/cortexm/_initialize_hardware.o
                0x0800052c                __initialize_hardware_early
 .text.__initialize_hardware
                0x08000534        0x8 ./system/src/cortexm/_initialize_hardware.o
                0x08000534                __initialize_hardware
 .text.__reset_hardware
                0x0800053c       0x1c ./system/src/cortexm/_reset_hardware.o
                0x0800053c                __reset_hardware
 .text.SystemInit
                0x08000558       0xf4 ./system/src/cmsis/system_stm32f0xx.o
                0x08000558                SystemInit
 .text.SystemCoreClockUpdate
                0x0800064c       0x6c ./system/src/cmsis/system_stm32f0xx.o
                0x0800064c                SystemCoreClockUpdate
 .text.init_led_output
                0x080006b8       0x38 ./src/main.o
                0x080006b8                init_led_output
 .text.init_button_input
                0x080006f0       0x2c ./src/main.o
                0x080006f0                init_button_input
 .text.init_uart
                0x0800071c       0x74 ./src/main.o
                0x0800071c                init_uart
 .text.startup.main
                0x08000790       0x8c ./src/main.o
                0x08000790                main
 .text.timer_init
                0x0800081c       0x44 ./src/timer.o
                0x0800081c                timer_init
 .text.sleep    0x08000860       0x14 ./src/timer.o
                0x08000860                sleep
 .text.timer_tick
                0x08000874       0x10 ./src/timer.o
                0x08000874                timer_tick
 .text.SysTick_Handler
                0x08000884        0x8 ./src/timer.o
                0x08000884                SysTick_Handler
 .text          0x0800088c       0x14 c:/ti/ccsv6/tools/compiler/gcc-arm-none-eabi-4_8-2014q3/bin/../lib/gcc/arm-none-eabi/4.8.4/armv6-m\libgcc.a(_thumb1_case_uqi.o)
                0x0800088c                __gnu_thumb1_case_uqi
 .text          0x080008a0       0x9c c:/ti/ccsv6/tools/compiler/gcc-arm-none-eabi-4_8-2014q3/bin/../lib/gcc/arm-none-eabi/4.8.4/armv6-m\libgcc.a(_udivsi3.o)
                0x080008a0                __aeabi_uidiv
                0x080008a0                __udivsi3
                0x08000928                __aeabi_uidivmod
 .text          0x0800093c        0x4 c:/ti/ccsv6/tools/compiler/gcc-arm-none-eabi-4_8-2014q3/bin/../lib/gcc/arm-none-eabi/4.8.4/armv6-m\libgcc.a(_dvmd_tls.o)
                0x0800093c                __aeabi_idiv0
                0x0800093c                __aeabi_ldiv0
 *(.rodata .rodata.* .constdata .constdata.*)
 *(vtable)
 *(.eh_frame*)
 *(.glue_7)
 .glue_7        0x00000000        0x0 linker stubs
 *(.glue_7t)
 .glue_7t       0x00000000        0x0 linker stubs

.vfp11_veneer   0x08000940        0x0
 .vfp11_veneer  0x00000000        0x0 linker stubs

.v4_bx          0x08000940        0x0
 .v4_bx         0x00000000        0x0 linker stubs

.iplt           0x08000940        0x0
 .iplt          0x00000000        0x0 ./system/src/stm32f0-stdperiph/stm32f0xx_gpio.o

.rel.dyn        0x08000940        0x0
 .rel.iplt      0x00000000        0x0 ./system/src/stm32f0-stdperiph/stm32f0xx_gpio.o

.ARM.extab
 *(.ARM.extab* .gnu.linkonce.armextab.*)
                0x08000940                . = ALIGN (0x4)
                0x08000940                __exidx_start = .

.ARM.exidx
 *(.ARM.exidx* .gnu.linkonce.armexidx.*)
                0x08000940                __exidx_end = .
                0x08000940                . = ALIGN (0x4)
                0x08000940                _etext = .
                0x08000940                __etext = .

.data_CCMRAM    0x00000000        0x0 load address 0x08000940
 FILL mask 0xff
 *(.data.CCMRAM .data.CCMRAM.*)
                0x00000000                . = ALIGN (0x4)
                0x08000940                _sidata = LOADADDR (.data)

.data           0x20000000       0x2c load address 0x08000940
 FILL mask 0xff
                0x20000000                _sdata = .
                0x20000000                __data_start__ = .
 *(.data_begin .data_begin.*)
 *(.data .data.*)
 .data.APBAHBPrescTable
                0x20000000       0x10 ./system/src/stm32f0-stdperiph/stm32f0xx_rcc.o
 .data.argv.4015
                0x20000010        0x8 ./system/src/newlib/_syscalls.o
 .data.AHBPrescTable
                0x20000018       0x10 ./system/src/cmsis/system_stm32f0xx.o
                0x20000018                AHBPrescTable
 .data.SystemCoreClock
                0x20000028        0x4 ./system/src/cmsis/system_stm32f0xx.o
                0x20000028                SystemCoreClock
 *(.data_end .data_end.*)
                0x2000002c                . = ALIGN (0x4)
                0x2000002c                _edata = .
                0x2000002c                __data_end__ = .

.igot.plt       0x2000002c        0x0 load address 0x0800096c
 .igot.plt      0x00000000        0x0 ./system/src/stm32f0-stdperiph/stm32f0xx_gpio.o

.bss_CCMRAM     0x00000000        0x0
 *(.bss.CCMRAM .bss.CCMRAM.*)

.bss            0x2000002c        0x8
                0x2000002c                __bss_start__ = .
                0x2000002c                _sbss = .
 *(.bss_begin .bss_begin.*)
 *(.bss .bss.*)
 .bss.name.4014
                0x2000002c        0x1 ./system/src/newlib/_syscalls.o
 *fill*         0x2000002d        0x3 
 .bss.millis_value
                0x20000030        0x4 ./src/timer.o
                0x20000030                millis_value
 *(COMMON)
 *(.bss_end .bss_end.*)
                0x20000034                . = ALIGN (0x4)
                0x20000034                __bss_end__ = .
                0x20000034                _ebss = .

.noinit_CCMRAM
 *(.noinit.CCMRAM .noinit.CCMRAM.*)

.noinit         0x20000034        0x0
                0x20000034                _noinit = .
 *(.noinit .noinit.*)
                0x20000034                . = ALIGN (0x4)
                0x20000034                _end_noinit = .
                0x20000034                PROVIDE (end, _end_noinit)
                0x20000034                PROVIDE (_end, _end_noinit)
                0x20000034                PROVIDE (__end, _end_noinit)
                0x20000034                PROVIDE (__end__, _end_noinit)

._check_stack   0x20000034      0x100
                0x20000134                . = (. + _Minimum_Stack_Size)
 *fill*         0x20000034      0x100 

.b1text
 *(.b1text)
 *(.b1rodata)
 *(.b1rodata.*)

.eb0text
 *(.eb0text)
 *(.eb0rodata)
 *(.eb0rodata.*)

.eb1text
 *(.eb1text)
 *(.eb1rodata)
 *(.eb1rodata.*)

.eb2text
 *(.eb2text)
 *(.eb2rodata)
 *(.eb2rodata.*)

.eb3text
 *(.eb3text)
 *(.eb3rodata)
 *(.eb3rodata.*)

.stab
 *(.stab)

.stabstr
 *(.stabstr)

.stab.excl
 *(.stab.excl)

.stab.exclstr
 *(.stab.exclstr)

.stab.index
 *(.stab.index)

.stab.indexstr
 *(.stab.indexstr)

.comment        0x00000000       0x70
 *(.comment)
 .comment       0x00000000       0x70 ./system/src/stm32f0-stdperiph/stm32f0xx_gpio.o
                                 0x71 (size before relaxing)
 .comment       0x00000000       0x71 ./system/src/stm32f0-stdperiph/stm32f0xx_rcc.o
 .comment       0x00000000       0x71 ./system/src/stm32f0-stdperiph/stm32f0xx_usart.o
 .comment       0x00000000       0x71 ./system/src/newlib/_exit.o
 .comment       0x00000000       0x71 ./system/src/newlib/_startup.o
 .comment       0x00000000       0x71 ./system/src/newlib/_syscalls.o
 .comment       0x00000000       0x71 ./system/src/cortexm/_initialize_hardware.o
 .comment       0x00000000       0x71 ./system/src/cortexm/_reset_hardware.o
 .comment       0x00000000       0x71 ./system/src/cortexm/exception_handlers.o
 .comment       0x00000000       0x71 ./system/src/cmsis/system_stm32f0xx.o
 .comment       0x00000000       0x71 ./system/src/cmsis/vectors_stm32f0xx.o
 .comment       0x00000000       0x71 ./src/main.o
 .comment       0x00000000       0x71 ./src/timer.o

.ARM.attributes
                0x00000000       0x31
 .ARM.attributes
                0x00000000       0x31 ./system/src/stm32f0-stdperiph/stm32f0xx_gpio.o
 .ARM.attributes
                0x00000031       0x31 ./system/src/stm32f0-stdperiph/stm32f0xx_rcc.o
 .ARM.attributes
                0x00000062       0x31 ./system/src/stm32f0-stdperiph/stm32f0xx_usart.o
 .ARM.attributes
                0x00000093       0x31 ./system/src/newlib/_exit.o
 .ARM.attributes
                0x000000c4       0x31 ./system/src/newlib/_startup.o
 .ARM.attributes
                0x000000f5       0x31 ./system/src/newlib/_syscalls.o
 .ARM.attributes
                0x00000126       0x31 ./system/src/cortexm/_initialize_hardware.o
 .ARM.attributes
                0x00000157       0x31 ./system/src/cortexm/_reset_hardware.o
 .ARM.attributes
                0x00000188       0x31 ./system/src/cortexm/exception_handlers.o
 .ARM.attributes
                0x000001b9       0x31 ./system/src/cmsis/system_stm32f0xx.o
 .ARM.attributes
                0x000001ea       0x31 ./system/src/cmsis/vectors_stm32f0xx.o
 .ARM.attributes
                0x0000021b       0x31 ./src/main.o
 .ARM.attributes
                0x0000024c       0x31 ./src/timer.o
 .ARM.attributes
                0x0000027d       0x1e c:/ti/ccsv6/tools/compiler/gcc-arm-none-eabi-4_8-2014q3/bin/../lib/gcc/arm-none-eabi/4.8.4/armv6-m\libgcc.a(_thumb1_case_uqi.o)
 .ARM.attributes
                0x0000029b       0x1e c:/ti/ccsv6/tools/compiler/gcc-arm-none-eabi-4_8-2014q3/bin/../lib/gcc/arm-none-eabi/4.8.4/armv6-m\libgcc.a(_udivsi3.o)
 .ARM.attributes
                0x000002b9       0x1e c:/ti/ccsv6/tools/compiler/gcc-arm-none-eabi-4_8-2014q3/bin/../lib/gcc/arm-none-eabi/4.8.4/armv6-m\libgcc.a(_dvmd_tls.o)

.debug
 *(.debug)

.line
 *(.line)

.debug_srcinfo
 *(.debug_srcinfo)

.debug_sfnames
 *(.debug_sfnames)

.debug_aranges  0x00000000      0x570
 *(.debug_aranges)
 .debug_aranges
                0x00000000       0x80 ./system/src/stm32f0-stdperiph/stm32f0xx_gpio.o
 .debug_aranges
                0x00000080      0x160 ./system/src/stm32f0-stdperiph/stm32f0xx_rcc.o
 .debug_aranges
                0x000001e0      0x1a0 ./system/src/stm32f0-stdperiph/stm32f0xx_usart.o
 .debug_aranges
                0x00000380       0x28 ./system/src/newlib/_exit.o
 .debug_aranges
                0x000003a8       0x40 ./system/src/newlib/_startup.o
 .debug_aranges
                0x000003e8       0x30 ./system/src/newlib/_syscalls.o
 .debug_aranges
                0x00000418       0x28 ./system/src/cortexm/_initialize_hardware.o
 .debug_aranges
                0x00000440       0x20 ./system/src/cortexm/_reset_hardware.o
 .debug_aranges
                0x00000460       0x50 ./system/src/cortexm/exception_handlers.o
 .debug_aranges
                0x000004b0       0x28 ./system/src/cmsis/system_stm32f0xx.o
 .debug_aranges
                0x000004d8       0x20 ./system/src/cmsis/vectors_stm32f0xx.o
 .debug_aranges
                0x000004f8       0x38 ./src/main.o
 .debug_aranges
                0x00000530       0x40 ./src/timer.o

.debug_pubnames
 *(.debug_pubnames)

.debug_info     0x00000000     0x3b8e
 *(.debug_info .gnu.linkonce.wi.*)
 .debug_info    0x00000000      0x67f ./system/src/stm32f0-stdperiph/stm32f0xx_gpio.o
 .debug_info    0x0000067f      0xa69 ./system/src/stm32f0-stdperiph/stm32f0xx_rcc.o
 .debug_info    0x000010e8      0xf6a ./system/src/stm32f0-stdperiph/stm32f0xx_usart.o
 .debug_info    0x00002052      0x100 ./system/src/newlib/_exit.o
 .debug_info    0x00002152      0x419 ./system/src/newlib/_startup.o
 .debug_info    0x0000256b      0x1b8 ./system/src/newlib/_syscalls.o
 .debug_info    0x00002723       0xbf ./system/src/cortexm/_initialize_hardware.o
 .debug_info    0x000027e2      0x195 ./system/src/cortexm/_reset_hardware.o
 .debug_info    0x00002977      0x19c ./system/src/cortexm/exception_handlers.o
 .debug_info    0x00002b13      0x2f6 ./system/src/cmsis/system_stm32f0xx.o
 .debug_info    0x00002e09       0xcd ./system/src/cmsis/vectors_stm32f0xx.o
 .debug_info    0x00002ed6      0x827 ./src/main.o
 .debug_info    0x000036fd      0x491 ./src/timer.o

.debug_abbrev   0x00000000     0x108a
 *(.debug_abbrev)
 .debug_abbrev  0x00000000      0x1d4 ./system/src/stm32f0-stdperiph/stm32f0xx_gpio.o
 .debug_abbrev  0x000001d4      0x230 ./system/src/stm32f0-stdperiph/stm32f0xx_rcc.o
 .debug_abbrev  0x00000404      0x1cb ./system/src/stm32f0-stdperiph/stm32f0xx_usart.o
 .debug_abbrev  0x000005cf       0xb8 ./system/src/newlib/_exit.o
 .debug_abbrev  0x00000687      0x1ca ./system/src/newlib/_startup.o
 .debug_abbrev  0x00000851       0xeb ./system/src/newlib/_syscalls.o
 .debug_abbrev  0x0000093c       0x60 ./system/src/cortexm/_initialize_hardware.o
 .debug_abbrev  0x0000099c       0xd4 ./system/src/cortexm/_reset_hardware.o
 .debug_abbrev  0x00000a70       0xc4 ./system/src/cortexm/exception_handlers.o
 .debug_abbrev  0x00000b34      0x150 ./system/src/cmsis/system_stm32f0xx.o
 .debug_abbrev  0x00000c84       0x9a ./system/src/cmsis/vectors_stm32f0xx.o
 .debug_abbrev  0x00000d1e      0x191 ./src/main.o
 .debug_abbrev  0x00000eaf      0x1db ./src/timer.o

.debug_line     0x00000000     0x1833
 *(.debug_line)
 .debug_line    0x00000000      0x268 ./system/src/stm32f0-stdperiph/stm32f0xx_gpio.o
 .debug_line    0x00000268      0x510 ./system/src/stm32f0-stdperiph/stm32f0xx_rcc.o
 .debug_line    0x00000778      0x5e2 ./system/src/stm32f0-stdperiph/stm32f0xx_usart.o
 .debug_line    0x00000d5a      0x134 ./system/src/newlib/_exit.o
 .debug_line    0x00000e8e      0x105 ./system/src/newlib/_startup.o
 .debug_line    0x00000f93      0x13f ./system/src/newlib/_syscalls.o
 .debug_line    0x000010d2       0x9c ./system/src/cortexm/_initialize_hardware.o
 .debug_line    0x0000116e      0x109 ./system/src/cortexm/_reset_hardware.o
 .debug_line    0x00001277      0x10a ./system/src/cortexm/exception_handlers.o
 .debug_line    0x00001381      0x133 ./system/src/cmsis/system_stm32f0xx.o
 .debug_line    0x000014b4       0x58 ./system/src/cmsis/vectors_stm32f0xx.o
 .debug_line    0x0000150c      0x1ca ./src/main.o
 .debug_line    0x000016d6      0x15d ./src/timer.o

.debug_frame    0x00000000      0xa84
 *(.debug_frame)
 .debug_frame   0x00000000      0x108 ./system/src/stm32f0-stdperiph/stm32f0xx_gpio.o
 .debug_frame   0x00000108      0x2c4 ./system/src/stm32f0-stdperiph/stm32f0xx_rcc.o
 .debug_frame   0x000003cc      0x350 ./system/src/stm32f0-stdperiph/stm32f0xx_usart.o
 .debug_frame   0x0000071c       0x40 ./system/src/newlib/_exit.o
 .debug_frame   0x0000075c       0x88 ./system/src/newlib/_startup.o
 .debug_frame   0x000007e4       0x50 ./system/src/newlib/_syscalls.o
 .debug_frame   0x00000834       0x40 ./system/src/cortexm/_initialize_hardware.o
 .debug_frame   0x00000874       0x20 ./system/src/cortexm/_reset_hardware.o
 .debug_frame   0x00000894       0x80 ./system/src/cortexm/exception_handlers.o
 .debug_frame   0x00000914       0x40 ./system/src/cmsis/system_stm32f0xx.o
 .debug_frame   0x00000954       0x20 ./system/src/cmsis/vectors_stm32f0xx.o
 .debug_frame   0x00000974       0x80 ./src/main.o
 .debug_frame   0x000009f4       0x70 ./src/timer.o
 .debug_frame   0x00000a64       0x20 c:/ti/ccsv6/tools/compiler/gcc-arm-none-eabi-4_8-2014q3/bin/../lib/gcc/arm-none-eabi/4.8.4/armv6-m\libgcc.a(_udivsi3.o)

.debug_str      0x00000000     0x18be
 *(.debug_str)
 .debug_str     0x00000000      0x4cb ./system/src/stm32f0-stdperiph/stm32f0xx_gpio.o
                                0x4ff (size before relaxing)
 .debug_str     0x000004cb      0x5b7 ./system/src/stm32f0-stdperiph/stm32f0xx_rcc.o
                                0x7ec (size before relaxing)
 .debug_str     0x00000a82      0x6f0 ./system/src/stm32f0-stdperiph/stm32f0xx_usart.o
                                0xa19 (size before relaxing)
 .debug_str     0x00001172       0x56 ./system/src/newlib/_exit.o
                                0x1ec (size before relaxing)
 .debug_str     0x000011c8      0x173 ./system/src/newlib/_startup.o
                                0x331 (size before relaxing)
 .debug_str     0x0000133b       0x5a ./system/src/newlib/_syscalls.o
                                0x219 (size before relaxing)
 .debug_str     0x00001395       0x4e ./system/src/cortexm/_initialize_hardware.o
                                0x211 (size before relaxing)
 .debug_str     0x000013e3       0x65 ./system/src/cortexm/_reset_hardware.o
                                0x224 (size before relaxing)
 .debug_str     0x00001448       0xb0 ./system/src/cortexm/exception_handlers.o
                                0x25b (size before relaxing)
 .debug_str     0x000014f8       0x67 ./system/src/cmsis/system_stm32f0xx.o
                                0x2d8 (size before relaxing)
 .debug_str     0x0000155f       0x56 ./system/src/cmsis/vectors_stm32f0xx.o
                                0x1e7 (size before relaxing)
 .debug_str     0x000015b5       0x6e ./src/main.o
                                0x526 (size before relaxing)
 .debug_str     0x00001623      0x29b ./src/timer.o
                                0x4c5 (size before relaxing)

.debug_loc      0x00000000     0x18da
 *(.debug_loc)
 .debug_loc     0x00000000      0x2bc ./system/src/stm32f0-stdperiph/stm32f0xx_gpio.o
 .debug_loc     0x000002bc      0x88f ./system/src/stm32f0-stdperiph/stm32f0xx_rcc.o
 .debug_loc     0x00000b4b      0x8e2 ./system/src/stm32f0-stdperiph/stm32f0xx_usart.o
 .debug_loc     0x0000142d       0x21 ./system/src/newlib/_exit.o
 .debug_loc     0x0000144e      0x2e9 ./system/src/newlib/_startup.o
 .debug_loc     0x00001737       0x63 ./system/src/newlib/_syscalls.o
 .debug_loc     0x0000179a       0xf7 ./system/src/cmsis/system_stm32f0xx.o
 .debug_loc     0x00001891       0x49 ./src/timer.o

.debug_macinfo
 *(.debug_macinfo)

.debug_weaknames
 *(.debug_weaknames)

.debug_funcnames
 *(.debug_funcnames)

.debug_typenames
 *(.debug_typenames)

.debug_varnames
 *(.debug_varnames)
OUTPUT(stm32_blinky.elf elf32-littlearm)

.debug_ranges   0x00000000      0x4d0
 .debug_ranges  0x00000000       0x70 ./system/src/stm32f0-stdperiph/stm32f0xx_gpio.o
 .debug_ranges  0x00000070      0x150 ./system/src/stm32f0-stdperiph/stm32f0xx_rcc.o
 .debug_ranges  0x000001c0      0x190 ./system/src/stm32f0-stdperiph/stm32f0xx_usart.o
 .debug_ranges  0x00000350       0x18 ./system/src/newlib/_exit.o
 .debug_ranges  0x00000368       0x48 ./system/src/newlib/_startup.o
 .debug_ranges  0x000003b0       0x20 ./system/src/newlib/_syscalls.o
 .debug_ranges  0x000003d0       0x18 ./system/src/cortexm/_initialize_hardware.o
 .debug_ranges  0x000003e8       0x10 ./system/src/cortexm/_reset_hardware.o
 .debug_ranges  0x000003f8       0x40 ./system/src/cortexm/exception_handlers.o
 .debug_ranges  0x00000438       0x18 ./system/src/cmsis/system_stm32f0xx.o
 .debug_ranges  0x00000450       0x10 ./system/src/cmsis/vectors_stm32f0xx.o
 .debug_ranges  0x00000460       0x28 ./src/main.o
 .debug_ranges  0x00000488       0x48 ./src/timer.o
